Component: ARM Compiler 5.05 update 1 (build 106) Tool: armlink [4d0efa]

==============================================================================

Section Cross References

    main.o(.text) refers to delay.o(.text) for delay_init
    main.o(.text) refers to misc.o(.text) for NVIC_PriorityGroupConfig
    main.o(.text) refers to usart.o(.text) for uart_init
    main.o(.text) refers to usart2.o(.text) for uart2_init
    main.o(.text) refers to esp8266.o(.text) for ESP8266_Init
    main.o(.text) refers to lcd.o(.text) for LCD_Init
    main.o(.text) refers to faddsub_clz.o(x$fpl$fadd) for __aeabi_fadd
    main.o(.text) refers to strcmpv7m.o(.text) for strcmp
    main.o(.text) refers to main.o(.data) for Data_id
    main.o(.text) refers to lcd.o(.data) for POINT_COLOR
    main.o(.text) refers to usart.o(.data) for USART_RX_STA
    main.o(.text) refers to usart.o(.bss) for USART_RX_BUF
    main.o(.text) refers to esp8266.o(.bss) for ID_JM
    main.o(.data) refers to main.o(.conststring) for .conststring
    system_stm32f10x.o(.text) refers to system_stm32f10x.o(.data) for SystemCoreClock
    led.o(.text) refers to stm32f10x_rcc.o(.text) for RCC_APB2PeriphClockCmd
    led.o(.text) refers to stm32f10x_gpio.o(.text) for GPIO_Init
    key.o(.text) refers to stm32f10x_rcc.o(.text) for RCC_APB2PeriphClockCmd
    key.o(.text) refers to stm32f10x_gpio.o(.text) for GPIO_Init
    key.o(.text) refers to delay.o(.text) for delay_ms
    key.o(.text) refers to key.o(.data) for key_up
    lcd.o(.text) refers to _printf_percent.o(.ARM.Collect$$_printf_percent$$00000000) for _printf_percent
    lcd.o(.text) refers to _printf_x.o(.ARM.Collect$$_printf_percent$$0000000C) for _printf_x
    lcd.o(.text) refers to _printf_hex_int.o(.text) for _printf_longlong_hex
    lcd.o(.text) refers to delay.o(.text) for delay_us
    lcd.o(.text) refers to lcd.o(.bss) for lcddev
    lcd.o(.text) refers to lcd.o(.data) for POINT_COLOR
    lcd.o(.text) refers to dflt_clz.o(x$fpl$dfltu) for __aeabi_ui2d
    lcd.o(.text) refers to dmul.o(x$fpl$dmul) for __aeabi_dmul
    lcd.o(.text) refers to dfixu.o(x$fpl$dfixu) for __aeabi_d2uiz
    lcd.o(.text) refers to stm32f10x_rcc.o(.text) for RCC_AHBPeriphClockCmd
    lcd.o(.text) refers to stm32f10x_gpio.o(.text) for GPIO_Init
    lcd.o(.text) refers to stm32f10x_fsmc.o(.text) for FSMC_NORSRAMInit
    lcd.o(.text) refers to noretval__2printf.o(.text) for __2printf
    lcd.o(.text) refers to lcd.o(.constdata) for asc2_1206
    esp8266.o(.text) refers to _printf_percent.o(.ARM.Collect$$_printf_percent$$00000000) for _printf_percent
    esp8266.o(.text) refers to _printf_s.o(.ARM.Collect$$_printf_percent$$00000014) for _printf_s
    esp8266.o(.text) refers to _printf_str.o(.text) for _printf_str
    esp8266.o(.text) refers to _printf_f.o(.ARM.Collect$$_printf_percent$$00000003) for _printf_f
    esp8266.o(.text) refers to printf1.o(x$fpl$printf1) for _printf_fp_dec
    esp8266.o(.text) refers to noretval__2printf.o(.text) for __2printf
    esp8266.o(.text) refers to delay.o(.text) for delay_ms
    esp8266.o(.text) refers to f2d.o(x$fpl$f2d) for __aeabi_f2d
    esp8266.o(.text) refers to esp8266.o(.data) for APIKEY
    esp8266.o(.text) refers to esp8266.o(.bss) for ID_JM
    esp8266.o(.data) refers to esp8266.o(.conststring) for .conststring
    usart2.o(.text) refers to stm32f10x_rcc.o(.text) for RCC_APB1PeriphClockCmd
    usart2.o(.text) refers to stm32f10x_gpio.o(.text) for GPIO_Init
    usart2.o(.text) refers to stm32f10x_usart.o(.text) for USART_Init
    usart2.o(.text) refers to misc.o(.text) for NVIC_Init
    usart2.o(.text) refers to usart2.o(.data) for Res
    usart2.o(.text) refers to usart2.o(.bss) for Send_buf
    delay.o(.text) refers to misc.o(.text) for SysTick_CLKSourceConfig
    delay.o(.text) refers to system_stm32f10x.o(.data) for SystemCoreClock
    delay.o(.text) refers to delay.o(.data) for fac_us
    usart.o(.text) refers (Special) to use_no_semi_2.o(.text) for __use_no_semihosting
    usart.o(.text) refers to stm32f10x_rcc.o(.text) for RCC_APB2PeriphClockCmd
    usart.o(.text) refers to stm32f10x_gpio.o(.text) for GPIO_Init
    usart.o(.text) refers to misc.o(.text) for NVIC_Init
    usart.o(.text) refers to stm32f10x_usart.o(.text) for USART_Init
    usart.o(.text) refers to usart.o(.data) for USART1_FLAG
    usart.o(.text) refers to usart.o(.bss) for USART_RX_BUF
    usart.o(.bss) refers (Special) to use_no_semi_2.o(.text) for __use_no_semihosting
    usart.o(.data) refers (Special) to use_no_semi_2.o(.text) for __use_no_semihosting
    startup_stm32f10x_hd.o(STACK) refers (Special) to heapauxi.o(.text) for __use_two_region_memory
    startup_stm32f10x_hd.o(HEAP) refers (Special) to heapauxi.o(.text) for __use_two_region_memory
    startup_stm32f10x_hd.o(RESET) refers (Special) to heapauxi.o(.text) for __use_two_region_memory
    startup_stm32f10x_hd.o(RESET) refers to startup_stm32f10x_hd.o(STACK) for __initial_sp
[...]
    defsig_rtmem_outer.o(.text) refers to defsig_rtmem_inner.o(.text) for __rt_SIGRTMEM_inner
    defsig_rtmem_outer.o(.text) refers to defsig_exit.o(.text) for __sig_exit
    defsig_rtmem_formal.o(.text) refers to rt_raise.o(.text) for __rt_raise
    libshutdown.o(.ARM.Collect$$libshutdown$$00000000) refers (Special) to libshutdown2.o(.ARM.Collect$$libshutdown$$00000006) for __rt_lib_shutdown_fp_trap_1
    libshutdown.o(.ARM.Collect$$libshutdown$$00000000) refers (Special) to libshutdown2.o(.ARM.Collect$$libshutdown$$0000000E) for __rt_lib_shutdown_heap_1
    libshutdown.o(.ARM.Collect$$libshutdown$$00000000) refers (Special) to libshutdown2.o(.ARM.Collect$$libshutdown$$0000000F) for __rt_lib_shutdown_return
    libshutdown.o(.ARM.Collect$$libshutdown$$00000000) refers (Special) to libshutdown2.o(.ARM.Collect$$libshutdown$$00000009) for __rt_lib_shutdown_signal_1
    libshutdown.o(.ARM.Collect$$libshutdown$$00000000) refers (Special) to libshutdown2.o(.ARM.Collect$$libshutdown$$00000003) for __rt_lib_shutdown_stdio_1
    libshutdown.o(.ARM.Collect$$libshutdown$$00000000) refers (Special) to libshutdown2.o(.ARM.Collect$$libshutdown$$0000000B) for __rt_lib_shutdown_user_alloc_1
    rt_raise.o(.text) refers to __raise.o(.text) for __raise
    rt_raise.o(.text) refers to usart.o(.text) for _sys_exit
    defsig_exit.o(.text) refers to usart.o(.text) for _sys_exit
    defsig_rtmem_inner.o(.text) refers to defsig_general.o(.text) for __default_signal_display
    __raise.o(.text) refers to defsig.o(CL$$defsig) for __default_signal_handler
    defsig_general.o(.text) refers to sys_wrch.o(.text) for _ttywrch
    sys_wrch.o(.text) refers (Special) to use_no_semi.o(.text) for __I$use$semihosting
    sys_wrch.o(.text) refers (Special) to indicate_semi.o(.text) for __semihosting_library_function
    defsig.o(CL$$defsig) refers to defsig_rtmem_inner.o(.text) for __rt_SIGRTMEM_inner
    defsig_abrt_inner.o(.text) refers to defsig_general.o(.text) for __default_signal_display
    defsig_fpe_inner.o(.text) refers to defsig_general.o(.text) for __default_signal_display
    defsig_rtred_inner.o(.text) refers to defsig_general.o(.text) for __default_signal_display
    defsig_stak_inner.o(.text) refers to defsig_general.o(.text) for __default_signal_display
    defsig_pvfn_inner.o(.text) refers to defsig_general.o(.text) for __default_signal_display
    defsig_cppl_inner.o(.text) refers to defsig_general.o(.text) for __default_signal_display
    defsig_segv_inner.o(.text) refers to defsig_general.o(.text) for __default_signal_display
    defsig_other.o(.text) refers to defsig_general.o(.text) for __default_signal_display


==============================================================================

Removing Unused input sections from the image.

    Removing led.o(.text), (76 bytes).
    Removing key.o(.text), (252 bytes).
    Removing key.o(.data), (1 bytes).
    Removing sys.o(.emb_text), (6 bytes).
    Removing sys.o(.text), (12 bytes).
    Removing core_cm3.o(.emb_text), (32 bytes).

6 unused section(s) (total 379 bytes) removed from the image.

==============================================================================

Image Symbol Table

    Local Symbols

    Symbol Name                              Value     Ov Type        Size  Object(Section)

    ../clib/angel/boardlib.s                 0x00000000   Number         0  boardinit2.o ABSOLUTE
    ../clib/angel/boardlib.s                 0x00000000   Number         0  boardinit3.o ABSOLUTE
    ../clib/angel/boardlib.s                 0x00000000   Number         0  boardshut.o ABSOLUTE
    ../clib/angel/boardlib.s                 0x00000000   Number         0  boardinit1.o ABSOLUTE
    ../clib/angel/handlers.s                 0x00000000   Number         0  __scatter_zi.o ABSOLUTE
    ../clib/angel/handlers.s                 0x00000000   Number         0  __scatter_copy.o ABSOLUTE
    ../clib/angel/kernel.s                   0x00000000   Number         0  __rtentry4.o ABSOLUTE
    ../clib/angel/kernel.s                   0x00000000   Number         0  __rtentry2.o ABSOLUTE
    ../clib/angel/kernel.s                   0x00000000   Number         0  __rtentry.o ABSOLUTE
    ../clib/angel/kernel.s                   0x00000000   Number         0  rtexit2.o ABSOLUTE
    ../clib/angel/kernel.s                   0x00000000   Number         0  rtexit.o ABSOLUTE
    ../clib/angel/rt.s                       0x00000000   Number         0  rt_locale.o ABSOLUTE
    ../clib/angel/rt.s                       0x00000000   Number         0  rt_locale_intlibspace.o ABSOLUTE
    ../clib/angel/rt.s                       0x00000000   Number         0  rt_raise.o ABSOLUTE
    ../clib/angel/scatter.s                  0x00000000   Number         0  __scatter.o ABSOLUTE
    ../clib/angel/startup.s                  0x00000000   Number         0  __main.o ABSOLUTE
    ../clib/angel/sys.s                      0x00000000   Number         0  use_no_semi_2.o ABSOLUTE
    ../clib/angel/sys.s                      0x00000000   Number         0  sys_stackheap_outer.o ABSOLUTE
    ../clib/angel/sys.s                      0x00000000   Number         0  use_no_semi.o ABSOLUTE
    ../clib/angel/sys.s                      0x00000000   Number         0  libspace.o ABSOLUTE
    ../clib/angel/sys.s                      0x00000000   Number         0  indicate_semi.o ABSOLUTE
    ../clib/angel/sysapp.c                   0x00000000   Number         0  sys_wrch.o ABSOLUTE
    ../clib/angel/sysapp.c                   0x00000000   Number         0  sys_command.o ABSOLUTE
    ../clib/armsys.c                         0x00000000   Number         0  argv_veneer.o ABSOLUTE
    ../clib/armsys.c                         0x00000000   Number         0  argv_veneer.o ABSOLUTE
    ../clib/armsys.c                         0x00000000   Number         0  no_argv.o ABSOLUTE
    ../clib/armsys.c                         0x00000000   Number         0  _get_argv_nomalloc.o ABSOLUTE
    ../clib/bigflt.c                         0x00000000   Number         0  bigflt0.o ABSOLUTE
    ../clib/btod.s                           0x00000000   Number         0  btod.o ABSOLUTE
    ../clib/heapalloc.c                      0x00000000   Number         0  hrguard.o ABSOLUTE
    ../clib/heapaux.c                        0x00000000   Number         0  heapauxi.o ABSOLUTE
    ../clib/libinit.s                        0x00000000   Number         0  libinit.o ABSOLUTE
    ../clib/libinit.s                        0x00000000   Number         0  libinit2.o ABSOLUTE
    ../clib/libinit.s                        0x00000000   Number         0  libshutdown2.o ABSOLUTE
    ../clib/libinit.s                        0x00000000   Number         0  libshutdown.o ABSOLUTE
    ../clib/locale.s                         0x00000000   Number         0  lc_numeric_c.o ABSOLUTE
    ../clib/longlong.s                       0x00000000   Number         0  lludiv10.o ABSOLUTE
    ../clib/memcpset.s                       0x00000000   Number         0  strcmpv7m.o ABSOLUTE
    ../clib/misc.s                           0x00000000   Number         0  printf_stubs.o ABSOLUTE
    ../clib/printf.c                         0x00000000   Number         0  _printf_intcommon.o ABSOLUTE
    ../clib/printf.c                         0x00000000   Number         0  _printf_hex_int_ptr.o ABSOLUTE
    ../clib/printf.c                         0x00000000   Number         0  _printf_hex_ptr.o ABSOLUTE
    ../clib/printf.c                         0x00000000   Number         0  _printf_hex_int_ll.o ABSOLUTE
    ../clib/printf.c                         0x00000000   Number         0  _printf_fp_dec.o ABSOLUTE
    ../clib/printf.c                         0x00000000   Number         0  _printf_char_common.o ABSOLUTE
    ../clib/printf.c                         0x00000000   Number         0  _printf_char.o ABSOLUTE
    ../clib/printf.c                         0x00000000   Number         0  _printf_char_file.o ABSOLUTE
    ../clib/printf.c                         0x00000000   Number         0  _printf_fp_infnan.o ABSOLUTE
    ../clib/printf.c                         0x00000000   Number         0  __printf_flags_ss_wp.o ABSOLUTE
    ../clib/printf.c                         0x00000000   Number         0  _printf_hex_int.o ABSOLUTE
    ../clib/printf.c                         0x00000000   Number         0  __printf_ss_wp.o ABSOLUTE
    ../clib/printf.c                         0x00000000   Number         0  _printf_hex_ll.o ABSOLUTE
    ../clib/printf.c                         0x00000000   Number         0  __printf_flags_wp.o ABSOLUTE
    ../clib/printf.c                         0x00000000   Number         0  noretval__2printf.o ABSOLUTE
    ../clib/printf.c                         0x00000000   Number         0  __printf_wp.o ABSOLUTE
    ../clib/printf.c                         0x00000000   Number         0  __printf_nopercent.o ABSOLUTE
    ../clib/printf.c                         0x00000000   Number         0  __printf.o ABSOLUTE
    ../clib/printf.c                         0x00000000   Number         0  __printf_flags_ss.o ABSOLUTE
    ../clib/printf.c                         0x00000000   Number         0  __2printf.o ABSOLUTE
    ../clib/printf.c                         0x00000000   Number         0  __printf_ss.o ABSOLUTE
    ../clib/printf.c                         0x00000000   Number         0  __printf_flags.o ABSOLUTE
    ../clib/printf.c                         0x00000000   Number         0  _printf_hex_int_ll_ptr.o ABSOLUTE
    ../clib/printf.c                         0x00000000   Number         0  _printf_hex_ll_ptr.o ABSOLUTE
    ../clib/printf.c                         0x00000000   Number         0  _printf_str.o ABSOLUTE
    ../clib/printf_percent.s                 0x00000000   Number         0  _printf_s.o ABSOLUTE
    ../clib/printf_percent.s                 0x00000000   Number         0  _printf_f.o ABSOLUTE
    ../clib/printf_percent.s                 0x00000000   Number         0  _printf_percent.o ABSOLUTE
    ../clib/printf_percent.s                 0x00000000   Number         0  _printf_percent_end.o ABSOLUTE
    ../clib/printf_percent.s                 0x00000000   Number         0  _printf_x.o ABSOLUTE
    ../clib/signal.c                         0x00000000   Number         0  defsig_rtmem_inner.o ABSOLUTE
    ../clib/signal.c                         0x00000000   Number         0  defsig_rtmem_formal.o ABSOLUTE
    ../clib/signal.c                         0x00000000   Number         0  defsig_rtmem_outer.o ABSOLUTE
    ../clib/signal.c                         0x00000000   Number         0  defsig_exit.o ABSOLUTE
    ../clib/signal.c                         0x00000000   Number         0  defsig_abrt_inner.o ABSOLUTE
    ../clib/signal.c                         0x00000000   Number         0  __raise.o ABSOLUTE
    ../clib/signal.c                         0x00000000   Number         0  defsig_general.o ABSOLUTE
    ../clib/signal.c                         0x00000000   Number         0  defsig_pvfn_inner.o ABSOLUTE
    ../clib/signal.c                         0x00000000   Number         0  defsig_fpe_inner.o ABSOLUTE
    ../clib/signal.c                         0x00000000   Number         0  defsig_rtred_inner.o ABSOLUTE
    ../clib/signal.c                         0x00000000   Number         0  defsig_stak_inner.o ABSOLUTE
    ../clib/signal.c                         0x00000000   Number         0  defsig_cppl_inner.o ABSOLUTE
    ../clib/signal.c                         0x00000000   Number         0  defsig_segv_inner.o ABSOLUTE
    ../clib/signal.c                         0x00000000   Number         0  defsig_other.o ABSOLUTE
    ../clib/signal.s                         0x00000000   Number         0  defsig.o ABSOLUTE
    ../clib/stdio.c                          0x00000000   Number         0  ferror.o ABSOLUTE
    ../clib/stdio.c                          0x00000000   Number         0  ferror_locked.o ABSOLUTE
    ../clib/stdlib.c                         0x00000000   Number         0  exit.o ABSOLUTE
    ../fplib/dfixu.s                         0x00000000   Number         0  dfixu.o ABSOLUTE
    ../fplib/dflt.s                          0x00000000   Number         0  dflt_clz.o ABSOLUTE
    ../fplib/dmul.s                          0x00000000   Number         0  dmul.o ABSOLUTE
    ../fplib/dnaninf.s                       0x00000000   Number         0  dnaninf.o ABSOLUTE
    ../fplib/dretinf.s                       0x00000000   Number         0  dretinf.o ABSOLUTE
    ../fplib/f2d.s                           0x00000000   Number         0  f2d.o ABSOLUTE
    ../fplib/faddsub.s                       0x00000000   Number         0  faddsub_clz.o ABSOLUTE
    ../fplib/fnaninf.s                       0x00000000   Number         0  fnaninf.o ABSOLUTE
    ../fplib/fpinit.s                        0x00000000   Number         0  fpinit.o ABSOLUTE
    ../fplib/fretinf.s                       0x00000000   Number         0  fretinf.o ABSOLUTE
    ../fplib/istatus.s                       0x00000000   Number         0  istatus.o ABSOLUTE
    ../fplib/printf1.s                       0x00000000   Number         0  printf1.o ABSOLUTE
    ../fplib/usenofp.s                       0x00000000   Number         0  usenofp.o ABSOLUTE
    ../mathlib/fpclassify.c                  0x00000000   Number         0  fpclassify.o ABSOLUTE
    ..\CORE\core_cm3.c                       0x00000000   Number         0  core_cm3.o ABSOLUTE
    ..\CORE\startup_stm32f10x_hd.s           0x00000000   Number         0  startup_stm32f10x_hd.o ABSOLUTE
    ..\HARDWARE\ESP8266\ESP8266.c            0x00000000   Number         0  esp8266.o ABSOLUTE
    ..\HARDWARE\KEY\key.c                    0x00000000   Number         0  key.o ABSOLUTE
    ..\HARDWARE\LCD\lcd.c                    0x00000000   Number         0  lcd.o ABSOLUTE
    ..\HARDWARE\LED\led.c                    0x00000000   Number         0  led.o ABSOLUTE
    ..\HARDWARE\USART2\usart2.c              0x00000000   Number         0  usart2.o ABSOLUTE
    ..\STM32F10x_FWLib\src\misc.c            0x00000000   Number         0  misc.o ABSOLUTE
    ..\STM32F10x_FWLib\src\stm32f10x_fsmc.c  0x00000000   Number         0  stm32f10x_fsmc.o ABSOLUTE
    ..\STM32F10x_FWLib\src\stm32f10x_gpio.c  0x00000000   Number         0  stm32f10x_gpio.o ABSOLUTE
    ..\STM32F10x_FWLib\src\stm32f10x_rcc.c   0x00000000   Number         0  stm32f10x_rcc.o ABSOLUTE
    ..\STM32F10x_FWLib\src\stm32f10x_usart.c 0x00000000   Number         0  stm32f10x_usart.o ABSOLUTE
    ..\SYSTEM\delay\delay.c                  0x00000000   Number         0  delay.o ABSOLUTE
    ..\SYSTEM\sys\sys.c                      0x00000000   Number         0  sys.o ABSOLUTE
    ..\SYSTEM\usart\usart.c                  0x00000000   Number         0  usart.o ABSOLUTE
    ..\\CORE\\core_cm3.c                     0x00000000   Number         0  core_cm3.o ABSOLUTE
    ..\\SYSTEM\\sys\\sys.c                   0x00000000   Number         0  sys.o ABSOLUTE
    dc.s                                     0x00000000   Number         0  dc.o ABSOLUTE
    main.c                                   0x00000000   Number         0  main.o ABSOLUTE
    stm32f10x_it.c                           0x00000000   Number         0  stm32f10x_it.o ABSOLUTE
    system_stm32f10x.c                       0x00000000   Number         0  system_stm32f10x.o ABSOLUTE
    RESET                                    0x08000000   Section      304  startup_stm32f10x_hd.o(RESET)
    !!!main                                  0x08000130   Section        8  __main.o(!!!main)
    !!!scatter                               0x08000138   Section       52  __scatter.o(!!!scatter)
    !!handler_copy                           0x0800016c   Section       26  __scatter_copy.o(!!handler_copy)
    !!handler_zi                             0x08000188   Section       28  __scatter_zi.o(!!handler_zi)
    .ARM.Collect$$_printf_percent$$00000000  0x080001a4   Section        0  _printf_percent.o(.ARM.Collect$$_printf_percent$$00000000)
    .ARM.Collect$$_printf_percent$$00000003  0x080001a4   Section        6  _printf_f.o(.ARM.Collect$$_printf_percent$$00000003)
    .ARM.Collect$$_printf_percent$$0000000C  0x080001aa   Section        6  _printf_x.o(.ARM.Collect$$_printf_percent$$0000000C)
    .ARM.Collect$$_printf_percent$$00000014  0x080001b0   Section        6  _printf_s.o(.ARM.Collect$$_printf_percent$$00000014)
    .ARM.Collect$$_printf_percent$$00000017  0x080001b6   Section        4  _printf_percent_end.o(.ARM.Collect$$_printf_percent$$00000017)
    .ARM.Collect$$libinit$$00000000          0x080001ba   Section        2  libinit.o(.ARM.Collect$$libinit$$00000000)
    .ARM.Collect$$libinit$$00000002          0x080001bc   Section        0  libinit2.o(.ARM.Collect$$libinit$$00000002)
    .ARM.Collect$$libinit$$00000004          0x080001bc   Section        0  libinit2.o(.ARM.Collect$$libinit$$00000004)
    .ARM.Collect$$libinit$$0000000A          0x080001bc   Section        0  libinit2.o(.ARM.Collect$$libinit$$0000000A)
    .ARM.Collect$$libinit$$0000000C          0x080001bc   Section        0  libinit2.o(.ARM.Collect$$libinit$$0000000C)
    .ARM.Collect$$libinit$$0000000E          0x080001bc   Section        0  libinit2.o(.ARM.Collect$$libinit$$0000000E)
    .ARM.Collect$$libinit$$0000000F          0x080001bc   Section        6  libinit2.o(.ARM.Collect$$libinit$$0000000F)
    .ARM.Collect$$libinit$$00000011          0x080001c2   Section        0  libinit2.o(.ARM.Collect$$libinit$$00000011)
    .ARM.Collect$$libinit$$00000013          0x080001c2   Section        0  libinit2.o(.ARM.Collect$$libinit$$00000013)
    .ARM.Collect$$libinit$$00000015          0x080001c2   Section        0  libinit2.o(.ARM.Collect$$libinit$$00000015)
    .ARM.Collect$$libinit$$00000016          0x080001c2   Section       10  libinit2.o(.ARM.Collect$$libinit$$00000016)
    .ARM.Collect$$libinit$$00000017          0x080001cc   Section        0  libinit2.o(.ARM.Collect$$libinit$$00000017)
    .ARM.Collect$$libinit$$00000019          0x080001cc   Section        0  libinit2.o(.ARM.Collect$$libinit$$00000019)
    .ARM.Collect$$libinit$$0000001B          0x080001cc   Section        0  libinit2.o(.ARM.Collect$$libinit$$0000001B)
    .ARM.Collect$$libinit$$0000001D          0x080001cc   Section        0  libinit2.o(.ARM.Collect$$libinit$$0000001D)
    .ARM.Collect$$libinit$$0000001F          0x080001cc   Section        0  libinit2.o(.ARM.Collect$$libinit$$0000001F)
    .ARM.Collect$$libinit$$00000021          0x080001cc   Section        0  libinit2.o(.ARM.Collect$$libinit$$00000021)
    .ARM.Collect$$libinit$$00000023          0x080001cc   Section        0  libinit2.o(.ARM.Collect$$libinit$$00000023)
    .ARM.Collect$$libinit$$00000025          0x080001cc   Section        0  libinit2.o(.ARM.Collect$$libinit$$00000025)
    .ARM.Collect$$libinit$$0000002C          0x080001cc   Section        0  libinit2.o(.ARM.Collect$$libinit$$0000002C)
    .ARM.Collect$$libinit$$0000002E          0x080001cc   Section        0  libinit2.o(.ARM.Collect$$libinit$$0000002E)
    .ARM.Collect$$libinit$$00000030          0x080001cc   Section        0  libinit2.o(.ARM.Collect$$libinit$$00000030)
    .ARM.Collect$$libinit$$00000032          0x080001cc   Section        0  libinit2.o(.ARM.Collect$$libinit$$00000032)
    .ARM.Collect$$libinit$$00000033          0x080001cc   Section        2  libinit2.o(.ARM.Collect$$libinit$$00000033)
    .ARM.Collect$$libshutdown$$00000000      0x080001ce   Section        2  libshutdown.o(.ARM.Collect$$libshutdown$$00000000)
    .ARM.Collect$$libshutdown$$00000003      0x080001d0   Section        0  libshutdown2.o(.ARM.Collect$$libshutdown$$00000003)
    .ARM.Collect$$libshutdown$$00000006      0x080001d0   Section        0  libshutdown2.o(.ARM.Collect$$libshutdown$$00000006)
    .ARM.Collect$$libshutdown$$00000009      0x080001d0   Section        0  libshutdown2.o(.ARM.Collect$$libshutdown$$00000009)
    .ARM.Collect$$libshutdown$$0000000B      0x080001d0   Section        0  libshutdown2.o(.ARM.Collect$$libshutdown$$0000000B)
    .ARM.Collect$$libshutdown$$0000000E      0x080001d0   Section        0  libshutdown2.o(.ARM.Collect$$libshutdown$$0000000E)
    .ARM.Collect$$libshutdown$$0000000F      0x080001d0   Section        2  libshutdown2.o(.ARM.Collect$$libshutdown$$0000000F)
    .ARM.Collect$$rtentry$$00000000          0x080001d2   Section        0  __rtentry.o(.ARM.Collect$$rtentry$$00000000)
    .ARM.Collect$$rtentry$$00000002          0x080001d2   Section        0  __rtentry2.o(.ARM.Collect$$rtentry$$00000002)
    .ARM.Collect$$rtentry$$00000004          0x080001d2   Section        6  __rtentry4.o(.ARM.Collect$$rtentry$$00000004)
    .ARM.Collect$$rtentry$$00000009          0x080001d8   Section        0  __rtentry2.o(.ARM.Collect$$rtentry$$00000009)
    .ARM.Collect$$rtentry$$0000000A          0x080001d8   Section        4  __rtentry2.o(.ARM.Collect$$rtentry$$0000000A)
    .ARM.Collect$$rtentry$$0000000C          0x080001dc   Section        0  __rtentry2.o(.ARM.Collect$$rtentry$$0000000C)
    .ARM.Collect$$rtentry$$0000000D          0x080001dc   Section        8  __rtentry2.o(.ARM.Collect$$rtentry$$0000000D)
    .ARM.Collect$$rtexit$$00000000           0x080001e4   Section        2  rtexit.o(.ARM.Collect$$rtexit$$00000000)
    .ARM.Collect$$rtexit$$00000002           0x080001e6   Section        0  rtexit2.o(.ARM.Collect$$rtexit$$00000002)
    .ARM.Collect$$rtexit$$00000003           0x080001e6   Section        4  rtexit2.o(.ARM.Collect$$rtexit$$00000003)
    .ARM.Collect$$rtexit$$00000004           0x080001ea   Section        6  rtexit2.o(.ARM.Collect$$rtexit$$00000004)
    .text                                    0x080001f0   Section        0  main.o(.text)
    .text                                    0x080007e0   Section        0  stm32f10x_it.o(.text)
    .text                                    0x080007fc   Section        0  system_stm32f10x.o(.text)
    SetSysClockTo72                          0x080007fd   Thumb Code   214  system_stm32f10x.o(.text)
    SetSysClock                              0x080008d3   Thumb Code     8  system_stm32f10x.o(.text)
    .text                                    0x080009dc   Section        0  lcd.o(.text)
    .text                                    0x08005470   Section        0  esp8266.o(.text)
    .text                                    0x0800587c   Section        0  usart2.o(.text)
    .text                                    0x08005ab8   Section        0  delay.o(.text)
    .text                                    0x08005b8c   Section        0  usart.o(.text)
    .text                                    0x08005cf4   Section       64  startup_stm32f10x_hd.o(.text)
    .text                                    0x08005d34   Section        0  misc.o(.text)
    .text                                    0x08005e10   Section        0  stm32f10x_fsmc.o(.text)
    .text                                    0x0800641c   Section        0  stm32f10x_gpio.o(.text)
    .text                                    0x08006778   Section        0  stm32f10x_rcc.o(.text)
    .text                                    0x08006b1c   Section        0  stm32f10x_usart.o(.text)
    .text                                    0x08006f24   Section        2  use_no_semi_2.o(.text)
    .text                                    0x08006f28   Section        0  noretval__2printf.o(.text)
    .text                                    0x08006f40   Section        0  _printf_str.o(.text)
    .text                                    0x08006f94   Section        0  _printf_hex_int.o(.text)
    .text                                    0x08006fec   Section        0  __printf_wp.o(.text)
    .text                                    0x080070fc   Section      128  strcmpv7m.o(.text)
    .text                                    0x0800717c   Section        0  heapauxi.o(.text)
    .text                                    0x08007182   Section        2  use_no_semi.o(.text)
    .text                                    0x08007184   Section        0  _printf_intcommon.o(.text)
    .text                                    0x08007236   Section        0  _printf_fp_dec.o(.text)
    _fp_digits                               0x08007239   Thumb Code   428  _printf_fp_dec.o(.text)
    .text                                    0x08007650   Section        0  _printf_char.o(.text)
    .text                                    0x0800767c   Section        0  _printf_char_file.o(.text)
    .text                                    0x080076a0   Section        8  rt_locale_intlibspace.o(.text)
    .text                                    0x080076a8   Section      138  lludiv10.o(.text)
    .text                                    0x08007734   Section        0  _printf_char_common.o(.text)
    _printf_input_char                       0x08007735   Thumb Code    10  _printf_char_common.o(.text)
    .text                                    0x08007764   Section        0  _printf_fp_infnan.o(.text)
    .text                                    0x080077e4   Section        0  bigflt0.o(.text)
    .text                                    0x080078c0   Section        0  ferror.o(.text)
    .text                                    0x080078c8   Section        8  libspace.o(.text)
    .text                                    0x080078d0   Section       74  sys_stackheap_outer.o(.text)
    .text                                    0x0800791a   Section        0  exit.o(.text)
    CL$$btod_d2e                             0x08007926   Section       62  btod.o(CL$$btod_d2e)
    CL$$btod_d2e_denorm_low                  0x08007964   Section       70  btod.o(CL$$btod_d2e_denorm_low)
    CL$$btod_d2e_norm_op1                    0x080079aa   Section       96  btod.o(CL$$btod_d2e_norm_op1)
    CL$$btod_div_common                      0x08007a0a   Section      824  btod.o(CL$$btod_div_common)
    CL$$btod_e2e                             0x08007d42   Section      198  btod.o(CL$$btod_e2e)
    CL$$btod_ediv                            0x08007e08   Section       40  btod.o(CL$$btod_ediv)
    CL$$btod_emul                            0x08007e30   Section       40  btod.o(CL$$btod_emul)
    CL$$btod_mult_common                     0x08007e58   Section      580  btod.o(CL$$btod_mult_common)
    i.__ARM_fpclassify                       0x0800809c   Section        0  fpclassify.o(i.__ARM_fpclassify)
    i._is_digit                              0x080080c4   Section        0  __printf_wp.o(i._is_digit)
    locale$$code                             0x080080d4   Section       44  lc_numeric_c.o(locale$$code)
    x$fpl$dfixu                              0x08008100   Section       90  dfixu.o(x$fpl$dfixu)
    x$fpl$dfltu                              0x0800815a   Section       38  dflt_clz.o(x$fpl$dfltu)
    x$fpl$dmul                               0x08008180   Section      340  dmul.o(x$fpl$dmul)
    x$fpl$dnaninf                            0x080082d4   Section      156  dnaninf.o(x$fpl$dnaninf)
    x$fpl$dretinf                            0x08008370   Section       12  dretinf.o(x$fpl$dretinf)
    x$fpl$f2d                                0x0800837c   Section       86  f2d.o(x$fpl$f2d)
    x$fpl$fadd                               0x080083d4   Section      196  faddsub_clz.o(x$fpl$fadd)
    _fadd1                                   0x080083e3   Thumb Code     0  faddsub_clz.o(x$fpl$fadd)
    x$fpl$fnaninf                            0x08008498   Section      140  fnaninf.o(x$fpl$fnaninf)
    x$fpl$fretinf                            0x08008524   Section       10  fretinf.o(x$fpl$fretinf)
    x$fpl$fsub                               0x08008530   Section      234  faddsub_clz.o(x$fpl$fsub)
    _fsub1                                   0x0800853f   Thumb Code     0  faddsub_clz.o(x$fpl$fsub)
    x$fpl$printf1                            0x0800861a   Section        4  printf1.o(x$fpl$printf1)
    .constdata                               0x0800861e   Section     6080  lcd.o(.constdata)
    x$fpl$usenofp                            0x0800861e   Section        0  usenofp.o(x$fpl$usenofp)
    .constdata                               0x08009dde   Section       40  _printf_hex_int.o(.constdata)
    uc_hextab                                0x08009dde   Data          20  _printf_hex_int.o(.constdata)
    lc_hextab                                0x08009df2   Data          20  _printf_hex_int.o(.constdata)
    .constdata                               0x08009e08   Section      148  bigflt0.o(.constdata)
    tenpwrs_x                                0x08009e08   Data          60  bigflt0.o(.constdata)
    tenpwrs_i                                0x08009e44   Data          64  bigflt0.o(.constdata)
    .conststring                             0x08009e9c   Section       13  main.o(.conststring)
    .conststring                             0x08009eac   Section       33  esp8266.o(.conststring)
    locale$$data                             0x08009ef0   Section       28  lc_numeric_c.o(locale$$data)
    __lcnum_c_name                           0x08009ef4   Data           2  lc_numeric_c.o(locale$$data)
    __lcnum_c_start                          0x08009efc   Data           0  lc_numeric_c.o(locale$$data)
    __lcnum_c_point                          0x08009f08   Data           0  lc_numeric_c.o(locale$$data)
    __lcnum_c_thousands                      0x08009f0a   Data           0  lc_numeric_c.o(locale$$data)
    __lcnum_c_grouping                       0x08009f0b   Data           0  lc_numeric_c.o(locale$$data)
    __lcnum_c_end                            0x08009f0c   Data           0  lc_numeric_c.o(locale$$data)
    .data                                    0x20000000   Section        8  main.o(.data)
    .data                                    0x20000008   Section       20  system_stm32f10x.o(.data)
    .data                                    0x2000001c   Section        4  lcd.o(.data)
    .data                                    0x20000020   Section       16  esp8266.o(.data)
    .data                                    0x20000030   Section       13  usart2.o(.data)
    aa                                       0x2000003b   Data           1  usart2.o(.data)
    i                                        0x2000003c   Data           1  usart2.o(.data)
    .data                                    0x2000003e   Section        4  delay.o(.data)
    fac_us                                   0x2000003e   Data           1  delay.o(.data)
    fac_ms                                   0x20000040   Data           2  delay.o(.data)
    .data                                    0x20000044   Section        7  usart.o(.data)
    USART1_FLAG                              0x2000004a   Data           1  usart.o(.data)
    .data                                    0x2000004b   Section       20  stm32f10x_rcc.o(.data)
    APBAHBPrescTable                         0x2000004b   Data          16  stm32f10x_rcc.o(.data)
    ADCPrescTable                            0x2000005b   Data           4  stm32f10x_rcc.o(.data)
    .bss                                     0x20000060   Section       14  lcd.o(.bss)
    .bss                                     0x2000006e   Section      280  esp8266.o(.bss)
    .bss                                     0x20000186   Section       40  usart2.o(.bss)
    .bss                                     0x200001ae   Section      200  usart.o(.bss)
    .bss                                     0x20000278   Section       96  libspace.o(.bss)
    HEAP                                     0x200002d8   Section      512  startup_stm32f10x_hd.o(HEAP)
    Heap_Mem                                 0x200002d8   Data         512  startup_stm32f10x_hd.o(HEAP)
    STACK                                    0x200004d8   Section     1024  startup_stm32f10x_hd.o(STACK)
    Stack_Mem                                0x200004d8   Data        1024  startup_stm32f10x_hd.o(STACK)
    __initial_sp                             0x200008d8   Data           0  startup_stm32f10x_hd.o(STACK)

    Global Symbols

    Symbol Name                              Value     Ov Type        Size  Object(Section)

    BuildAttributes$$THM_ISAv4$P$D$K$B$S$PE$A:L22UL41UL21$X:L11$S22US41US21$IEEE1$IW$USESV6$~STKCKD$USESV7$~SHL$OTIME$ROPI$IEEEJ$EBA8$UX$STANDARDLIB$REQ8$PRES8$EABIv2 0x00000000   Number         0  anon$$obj.o ABSOLUTE
    __ARM_use_no_argv                        0x00000000   Number         0  main.o ABSOLUTE
    _printf_flags                            0x00000000   Number         0  printf_stubs.o ABSOLUTE
    _printf_return_value                     0x00000000   Number         0  printf_stubs.o ABSOLUTE
    _printf_sizespec                         0x00000000   Number         0  printf_stubs.o ABSOLUTE
    _printf_widthprec                        0x00000000   Number         0  printf_stubs.o ABSOLUTE
    __ARM_exceptions_init                     - Undefined Weak Reference
    __alloca_initialize                       - Undefined Weak Reference
    __arm_preinit_                            - Undefined Weak Reference
    __cpp_initialize__aeabi_                  - Undefined Weak Reference
    __cxa_finalize                            - Undefined Weak Reference
    __sigvec_lookup                           - Undefined Weak Reference
    _atexit_init                              - Undefined Weak Reference
    _call_atexit_fns                          - Undefined Weak Reference
    _clock_init                               - Undefined Weak Reference
    _fp_trap_init                             - Undefined Weak Reference
    _fp_trap_shutdown                         - Undefined Weak Reference
    _get_lc_collate                           - Undefined Weak Reference
    _get_lc_ctype                             - Undefined Weak Reference
    _get_lc_monetary                          - Undefined Weak Reference
    _get_lc_time                              - Undefined Weak Reference
    _getenv_init                              - Undefined Weak Reference
    _handle_redirection                       - Undefined Weak Reference
    _init_alloc                               - Undefined Weak Reference
    _init_user_alloc                          - Undefined Weak Reference
    _initio                                   - Undefined Weak Reference
    _mutex_acquire                            - Undefined Weak Reference
    _mutex_release                            - Undefined Weak Reference
    _printf_mbtowc                            - Undefined Weak Reference
    _printf_post_padding                      - Undefined Weak Reference
    _printf_pre_padding                       - Undefined Weak Reference
    _printf_truncate_unsigned                 - Undefined Weak Reference
    _rand_init                                - Undefined Weak Reference
    _signal_finish                            - Undefined Weak Reference
    _signal_init                              - Undefined Weak Reference
    _terminate_alloc                          - Undefined Weak Reference
    _terminate_user_alloc                     - Undefined Weak Reference
    _terminateio                              - Undefined Weak Reference
    __Vectors_Size                           0x00000130   Number         0  startup_stm32f10x_hd.o ABSOLUTE
    __Vectors                                0x08000000   Data           4  startup_stm32f10x_hd.o(RESET)
    __Vectors_End                            0x08000130   Data           0  startup_stm32f10x_hd.o(RESET)
    __main                                   0x08000131   Thumb Code     8  __main.o(!!!main)
    __scatterload                            0x08000139   Thumb Code     0  __scatter.o(!!!scatter)
    __scatterload_rt2                        0x08000139   Thumb Code    44  __scatter.o(!!!scatter)
    __scatterload_rt2_thumb_only             0x08000139   Thumb Code     0  __scatter.o(!!!scatter)
    __scatterload_null                       0x08000147   Thumb Code     0  __scatter.o(!!!scatter)
    __scatterload_copy                       0x0800016d   Thumb Code    26  __scatter_copy.o(!!handler_copy)
    __scatterload_zeroinit                   0x08000189   Thumb Code    28  __scatter_zi.o(!!handler_zi)
    _printf_f                                0x080001a5   Thumb Code     0  _printf_f.o(.ARM.Collect$$_printf_percent$$00000003)
    _printf_percent                          0x080001a5   Thumb Code     0  _printf_percent.o(.ARM.Collect$$_printf_percent$$00000000)
    _printf_x                                0x080001ab   Thumb Code     0  _printf_x.o(.ARM.Collect$$_printf_percent$$0000000C)
    _printf_s                                0x080001b1   Thumb Code     0  _printf_s.o(.ARM.Collect$$_printf_percent$$00000014)
    _printf_percent_end                      0x080001b7   Thumb Code     0  _printf_percent_end.o(.ARM.Collect$$_printf_percent$$00000017)
    __rt_lib_init                            0x080001bb   Thumb Code     0  libinit.o(.ARM.Collect$$libinit$$00000000)
    __rt_lib_init_fp_1                       0x080001bd   Thumb Code     0  libinit2.o(.ARM.Collect$$libinit$$00000002)
    __rt_lib_init_heap_1                     0x080001bd   Thumb Code     0  libinit2.o(.ARM.Collect$$libinit$$0000000A)
    __rt_lib_init_lc_common                  0x080001bd   Thumb Code     0  libinit2.o(.ARM.Collect$$libinit$$0000000F)
    __rt_lib_init_preinit_1                  0x080001bd   Thumb Code     0  libinit2.o(.ARM.Collect$$libinit$$00000004)
    __rt_lib_init_rand_1                     0x080001bd   Thumb Code     0  libinit2.o(.ARM.Collect$$libinit$$0000000E)
    __rt_lib_init_user_alloc_1               0x080001bd   Thumb Code     0  libinit2.o(.ARM.Collect$$libinit$$0000000C)
    __rt_lib_init_lc_collate_1               0x080001c3   Thumb Code     0  libinit2.o(.ARM.Collect$$libinit$$00000011)
    __rt_lib_init_lc_ctype_1                 0x080001c3   Thumb Code     0  libinit2.o(.ARM.Collect$$libinit$$00000013)
    __rt_lib_init_lc_monetary_1              0x080001c3   Thumb Code     0  libinit2.o(.ARM.Collect$$libinit$$00000015)
    __rt_lib_init_lc_numeric_2               0x080001c3   Thumb Code     0  libinit2.o(.ARM.Collect$$libinit$$00000016)
    __rt_lib_init_alloca_1                   0x080001cd   Thumb Code     0  libinit2.o(.ARM.Collect$$libinit$$0000002E)
    __rt_lib_init_argv_1                     0x080001cd   Thumb Code     0  libinit2.o(.ARM.Collect$$libinit$$0000002C)
    __rt_lib_init_atexit_1                   0x080001cd   Thumb Code     0  libinit2.o(.ARM.Collect$$libinit$$0000001B)
    __rt_lib_init_clock_1                    0x080001cd   Thumb Code     0  libinit2.o(.ARM.Collect$$libinit$$00000021)
    __rt_lib_init_cpp_1                      0x080001cd   Thumb Code     0  libinit2.o(.ARM.Collect$$libinit$$00000032)
    __rt_lib_init_exceptions_1               0x080001cd   Thumb Code     0  libinit2.o(.ARM.Collect$$libinit$$00000030)
    __rt_lib_init_fp_trap_1                  0x080001cd   Thumb Code     0  libinit2.o(.ARM.Collect$$libinit$$0000001F)
    __rt_lib_init_getenv_1                   0x080001cd   Thumb Code     0  libinit2.o(.ARM.Collect$$libinit$$00000023)
    __rt_lib_init_lc_numeric_1               0x080001cd   Thumb Code     0  libinit2.o(.ARM.Collect$$libinit$$00000017)
    __rt_lib_init_lc_time_1                  0x080001cd   Thumb Code     0  libinit2.o(.ARM.Collect$$libinit$$00000019)
    __rt_lib_init_return                     0x080001cd   Thumb Code     0  libinit2.o(.ARM.Collect$$libinit$$00000033)
    __rt_lib_init_signal_1                   0x080001cd   Thumb Code     0  libinit2.o(.ARM.Collect$$libinit$$0000001D)
    __rt_lib_init_stdio_1                    0x080001cd   Thumb Code     0  libinit2.o(.ARM.Collect$$libinit$$00000025)
    __rt_lib_shutdown                        0x080001cf   Thumb Code     0  libshutdown.o(.ARM.Collect$$libshutdown$$00000000)
    __rt_lib_shutdown_fp_trap_1              0x080001d1   Thumb Code     0  libshutdown2.o(.ARM.Collect$$libshutdown$$00000006)
    __rt_lib_shutdown_heap_1                 0x080001d1   Thumb Code     0  libshutdown2.o(.ARM.Collect$$libshutdown$$0000000E)
    __rt_lib_shutdown_return                 0x080001d1   Thumb Code     0  libshutdown2.o(.ARM.Collect$$libshutdown$$0000000F)
    __rt_lib_shutdown_signal_1               0x080001d1   Thumb Code     0  libshutdown2.o(.ARM.Collect$$libshutdown$$00000009)
    __rt_lib_shutdown_stdio_1                0x080001d1   Thumb Code     0  libshutdown2.o(.ARM.Collect$$libshutdown$$00000003)
    __rt_lib_shutdown_user_alloc_1           0x080001d1   Thumb Code     0  libshutdown2.o(.ARM.Collect$$libshutdown$$0000000B)
    __rt_entry                               0x080001d3   Thumb Code     0  __rtentry.o(.ARM.Collect$$rtentry$$00000000)
    __rt_entry_presh_1                       0x080001d3   Thumb Code     0  __rtentry2.o(.ARM.Collect$$rtentry$$00000002)
    __rt_entry_sh                            0x080001d3   Thumb Code     0  __rtentry4.o(.ARM.Collect$$rtentry$$00000004)
    __rt_entry_li                            0x080001d9   Thumb Code     0  __rtentry2.o(.ARM.Collect$$rtentry$$0000000A)
    __rt_entry_postsh_1                      0x080001d9   Thumb Code     0  __rtentry2.o(.ARM.Collect$$rtentry$$00000009)
    __rt_entry_main                          0x080001dd   Thumb Code     0  __rtentry2.o(.ARM.Collect$$rtentry$$0000000D)
    __rt_entry_postli_1                      0x080001dd   Thumb Code     0  __rtentry2.o(.ARM.Collect$$rtentry$$0000000C)
    __rt_exit                                0x080001e5   Thumb Code     0  rtexit.o(.ARM.Collect$$rtexit$$00000000)
    __rt_exit_ls                             0x080001e7   Thumb Code     0  rtexit2.o(.ARM.Collect$$rtexit$$00000003)
    __rt_exit_prels_1                        0x080001e7   Thumb Code     0  rtexit2.o(.ARM.Collect$$rtexit$$00000002)
    __rt_exit_exit                           0x080001eb   Thumb Code     0  rtexit2.o(.ARM.Collect$$rtexit$$00000004)
    main                                     0x080001f1   Thumb Code  1500  main.o(.text)
    NMI_Handler                              0x080007e1   Thumb Code     2  stm32f10x_it.o(.text)
    HardFault_Handler                        0x080007e3   Thumb Code     4  stm32f10x_it.o(.text)
    MemManage_Handler                        0x080007e7   Thumb Code     4  stm32f10x_it.o(.text)
    BusFault_Handler                         0x080007eb   Thumb Code     4  stm32f10x_it.o(.text)
    UsageFault_Handler                       0x080007ef   Thumb Code     4  stm32f10x_it.o(.text)
    SVC_Handler                              0x080007f3   Thumb Code     2  stm32f10x_it.o(.text)
    DebugMon_Handler                         0x080007f5   Thumb Code     2  stm32f10x_it.o(.text)
    PendSV_Handler                           0x080007f7   Thumb Code     2  stm32f10x_it.o(.text)
    SysTick_Handler                          0x080007f9   Thumb Code     2  stm32f10x_it.o(.text)
    SystemInit                               0x080008db   Thumb Code    78  system_stm32f10x.o(.text)
    SystemCoreClockUpdate                    0x08000929   Thumb Code   142  system_stm32f10x.o(.text)
    LCD_WR_REG                               0x080009dd   Thumb Code     8  lcd.o(.text)
    LCD_WR_DATA                              0x080009e5   Thumb Code     8  lcd.o(.text)
    LCD_RD_DATA                              0x080009ed   Thumb Code    16  lcd.o(.text)
    LCD_WriteReg                             0x080009fd   Thumb Code    10  lcd.o(.text)
    LCD_ReadReg                              0x08000a07   Thumb Code    22  lcd.o(.text)
    LCD_WriteRAM_Prepare                     0x08000a1d   Thumb Code    12  lcd.o(.text)
    LCD_WriteRAM                             0x08000a29   Thumb Code     8  lcd.o(.text)
    LCD_BGR2RGB                              0x08000a31   Thumb Code    26  lcd.o(.text)
    opt_delay                                0x08000a4b   Thumb Code    14  lcd.o(.text)
    LCD_SetCursor                            0x08000a59   Thumb Code   418  lcd.o(.text)
    LCD_ReadPoint                            0x08000bfb   Thumb Code   360  lcd.o(.text)
    LCD_DisplayOn                            0x08000d63   Thumb Code    92  lcd.o(.text)
    LCD_DisplayOff                           0x08000dbf   Thumb Code    96  lcd.o(.text)
    LCD_Scan_Dir                             0x08000e1f   Thumb Code   744  lcd.o(.text)
    LCD_DrawPoint                            0x08001107   Thumb Code    30  lcd.o(.text)
    LCD_Fast_DrawPoint                       0x08001125   Thumb Code   382  lcd.o(.text)
    LCD_SSD_BackLightSet                     0x080012a3   Thumb Code    80  lcd.o(.text)
    LCD_Display_Dir                          0x080012f3   Thumb Code   444  lcd.o(.text)
    LCD_Set_Window                           0x080014af   Thumb Code   538  lcd.o(.text)
    LCD_Clear                                0x080016c9   Thumb Code   102  lcd.o(.text)
    LCD_Init                                 0x0800172f   Thumb Code 14254  lcd.o(.text)
    LCD_Fill                                 0x08004edd   Thumb Code   180  lcd.o(.text)
    LCD_Color_Fill                           0x08004f91   Thumb Code   102  lcd.o(.text)
    LCD_DrawLine                             0x08004ff7   Thumb Code   176  lcd.o(.text)
    LCD_DrawRectangle                        0x080050a7   Thumb Code    60  lcd.o(.text)
    LCD_Draw_Circle                          0x080050e3   Thumb Code   152  lcd.o(.text)
    LCD_ShowChar                             0x0800517b   Thumb Code   272  lcd.o(.text)
    LCD_Pow                                  0x0800528b   Thumb Code    22  lcd.o(.text)
    LCD_ShowNum                              0x080052a1   Thumb Code   148  lcd.o(.text)
    LCD_ShowxNum                             0x08005335   Thumb Code   190  lcd.o(.text)
    LCD_ShowString                           0x080053f3   Thumb Code   102  lcd.o(.text)
    checkout                                 0x08005471   Thumb Code    18  esp8266.o(.text)
    ESP8266_Init                             0x08005483   Thumb Code   382  esp8266.o(.text)
    checkin                                  0x08005601   Thumb Code    18  esp8266.o(.text)
    check_status                             0x08005613   Thumb Code    10  esp8266.o(.text)
    say                                      0x0800561d   Thumb Code    18  esp8266.o(.text)
    update1                                  0x0800562f   Thumb Code    34  esp8266.o(.text)
    update2                                  0x08005651   Thumb Code    54  esp8266.o(.text)
    WiFi_Jm                                  0x08005687   Thumb Code   110  esp8266.o(.text)
    uart2_init                               0x0800587d   Thumb Code   162  usart2.o(.text)
    USART2_IRQHandler                        0x0800591f   Thumb Code   170  usart2.o(.text)
    USART2_Send_String                       0x080059c9   Thumb Code    46  usart2.o(.text)
    USART2_Send_char                         0x080059f7   Thumb Code    36  usart2.o(.text)
    SendCmd                                  0x08005a1b   Thumb Code    40  usart2.o(.text)
    DoSum                                    0x08005a43   Thumb Code    40  usart2.o(.text)
    Uart_SendCMD                             0x08005a6b   Thumb Code    46  usart2.o(.text)
    delay_init                               0x08005ab9   Thumb Code    50  delay.o(.text)
    delay_us                                 0x08005aeb   Thumb Code    72  delay.o(.text)
    delay_ms                                 0x08005b33   Thumb Code    72  delay.o(.text)
    _sys_exit                                0x08005b8d   Thumb Code     6  usart.o(.text)
    fputc                                    0x08005b93   Thumb Code    24  usart.o(.text)
    uart_init                                0x08005bab   Thumb Code   152  usart.o(.text)
    USART1_IRQHandler                        0x08005c43   Thumb Code   158  usart.o(.text)
    Reset_Handler                            0x08005cf5   Thumb Code     8  startup_stm32f10x_hd.o(.text)
    ADC1_2_IRQHandler                        0x08005d0f   Thumb Code     0  startup_stm32f10x_hd.o(.text)
    ADC3_IRQHandler                          0x08005d0f   Thumb Code     0  startup_stm32f10x_hd.o(.text)
    CAN1_RX1_IRQHandler                      0x08005d0f   Thumb Code     0  startup_stm32f10x_hd.o(.text)
    CAN1_SCE_IRQHandler                      0x08005d0f   Thumb Code     0  startup_stm32f10x_hd.o(.text)
    DMA1_Channel1_IRQHandler                 0x08005d0f   Thumb Code     0  startup_stm32f10x_hd.o(.text)
    DMA1_Channel2_IRQHandler                 0x08005d0f   Thumb Code     0  startup_stm32f10x_hd.o(.text)
    DMA1_Channel3_IRQHandler                 0x08005d0f   Thumb Code     0  startup_stm32f10x_hd.o(.text)
    DMA1_Channel4_IRQHandler                 0x08005d0f   Thumb Code     0  startup_stm32f10x_hd.o(.text)
    DMA1_Channel5_IRQHandler                 0x08005d0f   Thumb Code     0  startup_stm32f10x_hd.o(.text)
    DMA1_Channel6_IRQHandler                 0x08005d0f   Thumb Code     0  startup_stm32f10x_hd.o(.text)
    DMA1_Channel7_IRQHandler                 0x08005d0f   Thumb Code     0  startup_stm32f10x_hd.o(.text)
    DMA2_Channel1_IRQHandler                 0x08005d0f   Thumb Code     0  startup_stm32f10x_hd.o(.text)
    DMA2_Channel2_IRQHandler                 0x08005d0f   Thumb Code     0  startup_stm32f10x_hd.o(.text)
    DMA2_Channel3_IRQHandler                 0x08005d0f   Thumb Code     0  startup_stm32f10x_hd.o(.text)
    DMA2_Channel4_5_IRQHandler               0x08005d0f   Thumb Code     0  startup_stm32f10x_hd.o(.text)
    EXTI0_IRQHandler                         0x08005d0f   Thumb Code     0  startup_stm32f10x_hd.o(.text)
    EXTI15_10_IRQHandler                     0x08005d0f   Thumb Code     0  startup_stm32f10x_hd.o(.text)
    EXTI1_IRQHandler                         0x08005d0f   Thumb Code     0  startup_stm32f10x_hd.o(.text)
    EXTI2_IRQHandler                         0x08005d0f   Thumb Code     0  startup_stm32f10x_hd.o(.text)
    EXTI3_IRQHandler                         0x08005d0f   Thumb Code     0  startup_stm32f10x_hd.o(.text)
    EXTI4_IRQHandler                         0x08005d0f   Thumb Code     0  startup_stm32f10x_hd.o(.text)
    EXTI9_5_IRQHandler                       0x08005d0f   Thumb Code     0  startup_stm32f10x_hd.o(.text)
    FLASH_IRQHandler                         0x08005d0f   Thumb Code     0  startup_stm32f10x_hd.o(.text)
    FSMC_IRQHandler                          0x08005d0f   Thumb Code     0  startup_stm32f10x_hd.o(.text)
    I2C1_ER_IRQHandler                       0x08005d0f   Thumb Code     0  startup_stm32f10x_hd.o(.text)
    I2C1_EV_IRQHandler                       0x08005d0f   Thumb Code     0  startup_stm32f10x_hd.o(.text)
    I2C2_ER_IRQHandler                       0x08005d0f   Thumb Code     0  startup_stm32f10x_hd.o(.text)
    I2C2_EV_IRQHandler                       0x08005d0f   Thumb Code     0  startup_stm32f10x_hd.o(.text)
    PVD_IRQHandler                           0x08005d0f   Thumb Code     0  startup_stm32f10x_hd.o(.text)
    RCC_IRQHandler                           0x08005d0f   Thumb Code     0  startup_stm32f10x_hd.o(.text)
    RTCAlarm_IRQHandler                      0x08005d0f   Thumb Code     0  startup_stm32f10x_hd.o(.text)
    RTC_IRQHandler                           0x08005d0f   Thumb Code     0  startup_stm32f10x_hd.o(.text)
    SDIO_IRQHandler                          0x08005d0f   Thumb Code     0  startup_stm32f10x_hd.o(.text)
    SPI1_IRQHandler                          0x08005d0f   Thumb Code     0  startup_stm32f10x_hd.o(.text)
    SPI2_IRQHandler                          0x08005d0f   Thumb Code     0  startup_stm32f10x_hd.o(.text)
    SPI3_IRQHandler                          0x08005d0f   Thumb Code     0  startup_stm32f10x_hd.o(.text)
    TAMPER_IRQHandler                        0x08005d0f   Thumb Code     0  startup_stm32f10x_hd.o(.text)
    TIM1_BRK_IRQHandler                      0x08005d0f   Thumb Code     0  startup_stm32f10x_hd.o(.text)
    TIM1_CC_IRQHandler                       0x08005d0f   Thumb Code     0  startup_stm32f10x_hd.o(.text)
    TIM1_TRG_COM_IRQHandler                  0x08005d0f   Thumb Code     0  startup_stm32f10x_hd.o(.text)
    TIM1_UP_IRQHandler                       0x08005d0f   Thumb Code     0  startup_stm32f10x_hd.o(.text)
    TIM2_IRQHandler                          0x08005d0f   Thumb Code     0  startup_stm32f10x_hd.o(.text)
    TIM3_IRQHandler                          0x08005d0f   Thumb Code     0  startup_stm32f10x_hd.o(.text)
    TIM4_IRQHandler                          0x08005d0f   Thumb Code     0  startup_stm32f10x_hd.o(.text)
    TIM5_IRQHandler                          0x08005d0f   Thumb Code     0  startup_stm32f10x_hd.o(.text)
    TIM6_IRQHandler                          0x08005d0f   Thumb Code     0  startup_stm32f10x_hd.o(.text)
    TIM7_IRQHandler                          0x08005d0f   Thumb Code     0  startup_stm32f10x_hd.o(.text)
    TIM8_BRK_IRQHandler                      0x08005d0f   Thumb Code     0  startup_stm32f10x_hd.o(.text)
    TIM8_CC_IRQHandler                       0x08005d0f   Thumb Code     0  startup_stm32f10x_hd.o(.text)
    TIM8_TRG_COM_IRQHandler                  0x08005d0f   Thumb Code     0  startup_stm32f10x_hd.o(.text)
    TIM8_UP_IRQHandler                       0x08005d0f   Thumb Code     0  startup_stm32f10x_hd.o(.text)
    UART4_IRQHandler                         0x08005d0f   Thumb Code     0  startup_stm32f10x_hd.o(.text)
    UART5_IRQHandler                         0x08005d0f   Thumb Code     0  startup_stm32f10x_hd.o(.text)
    USART3_IRQHandler                        0x08005d0f   Thumb Code     0  startup_stm32f10x_hd.o(.text)
    USBWakeUp_IRQHandler                     0x08005d0f   Thumb Code     0  startup_stm32f10x_hd.o(.text)
    USB_HP_CAN1_TX_IRQHandler                0x08005d0f   Thumb Code     0  startup_stm32f10x_hd.o(.text)
    USB_LP_CAN1_RX0_IRQHandler               0x08005d0f   Thumb Code     0  startup_stm32f10x_hd.o(.text)
    WWDG_IRQHandler                          0x08005d0f   Thumb Code     0  startup_stm32f10x_hd.o(.text)
    __user_initial_stackheap                 0x08005d11   Thumb Code     0  startup_stm32f10x_hd.o(.text)
    NVIC_PriorityGroupConfig                 0x08005d35   Thumb Code    10  misc.o(.text)
    NVIC_Init                                0x08005d3f   Thumb Code   100  misc.o(.text)
    NVIC_SetVectorTable                      0x08005da3   Thumb Code    14  misc.o(.text)
    NVIC_SystemLPConfig                      0x08005db1   Thumb Code    34  misc.o(.text)
    SysTick_CLKSourceConfig                  0x08005dd3   Thumb Code    40  misc.o(.text)
    FSMC_NORSRAMDeInit                       0x08005e11   Thumb Code    54  stm32f10x_fsmc.o(.text)
    FSMC_NANDDeInit                          0x08005e47   Thumb Code    62  stm32f10x_fsmc.o(.text)
    FSMC_PCCARDDeInit                        0x08005e85   Thumb Code    36  stm32f10x_fsmc.o(.text)
    FSMC_NORSRAMInit                         0x08005ea9   Thumb Code   230  stm32f10x_fsmc.o(.text)
    FSMC_NANDInit                            0x08005f8f   Thumb Code   132  stm32f10x_fsmc.o(.text)
    FSMC_PCCARDInit                          0x08006013   Thumb Code   130  stm32f10x_fsmc.o(.text)
    FSMC_NORSRAMStructInit                   0x08006095   Thumb Code   114  stm32f10x_fsmc.o(.text)
    FSMC_NANDStructInit                      0x08006107   Thumb Code    54  stm32f10x_fsmc.o(.text)
    FSMC_PCCARDStructInit                    0x0800613d   Thumb Code    60  stm32f10x_fsmc.o(.text)
    FSMC_NORSRAMCmd                          0x08006179   Thumb Code    46  stm32f10x_fsmc.o(.text)
    FSMC_NANDCmd                             0x080061a7   Thumb Code    86  stm32f10x_fsmc.o(.text)
    FSMC_PCCARDCmd                           0x080061fd   Thumb Code    44  stm32f10x_fsmc.o(.text)
    FSMC_NANDECCCmd                          0x08006229   Thumb Code    90  stm32f10x_fsmc.o(.text)
    FSMC_GetECC                              0x08006283   Thumb Code    24  stm32f10x_fsmc.o(.text)
    FSMC_ITConfig                            0x0800629b   Thumb Code   128  stm32f10x_fsmc.o(.text)
    FSMC_GetFlagStatus                       0x0800631b   Thumb Code    54  stm32f10x_fsmc.o(.text)
    FSMC_ClearFlag                           0x08006351   Thumb Code    62  stm32f10x_fsmc.o(.text)
    FSMC_GetITStatus                         0x0800638f   Thumb Code    64  stm32f10x_fsmc.o(.text)
    FSMC_ClearITPendingBit                   0x080063cf   Thumb Code    68  stm32f10x_fsmc.o(.text)
    GPIO_DeInit                              0x0800641d   Thumb Code   172  stm32f10x_gpio.o(.text)
    GPIO_AFIODeInit                          0x080064c9   Thumb Code    20  stm32f10x_gpio.o(.text)
    GPIO_Init                                0x080064dd   Thumb Code   278  stm32f10x_gpio.o(.text)
    GPIO_StructInit                          0x080065f3   Thumb Code    16  stm32f10x_gpio.o(.text)
    GPIO_ReadInputDataBit                    0x08006603   Thumb Code    18  stm32f10x_gpio.o(.text)
    GPIO_ReadInputData                       0x08006615   Thumb Code     8  stm32f10x_gpio.o(.text)
    GPIO_ReadOutputDataBit                   0x0800661d   Thumb Code    18  stm32f10x_gpio.o(.text)
    GPIO_ReadOutputData                      0x0800662f   Thumb Code     8  stm32f10x_gpio.o(.text)
    GPIO_SetBits                             0x08006637   Thumb Code     4  stm32f10x_gpio.o(.text)
    GPIO_ResetBits                           0x0800663b   Thumb Code     4  stm32f10x_gpio.o(.text)
    GPIO_WriteBit                            0x0800663f   Thumb Code    10  stm32f10x_gpio.o(.text)
    GPIO_Write                               0x08006649   Thumb Code     4  stm32f10x_gpio.o(.text)
    GPIO_PinLockConfig                       0x0800664d   Thumb Code    18  stm32f10x_gpio.o(.text)
    GPIO_EventOutputConfig                   0x0800665f   Thumb Code    26  stm32f10x_gpio.o(.text)
    GPIO_EventOutputCmd                      0x08006679   Thumb Code     6  stm32f10x_gpio.o(.text)
    GPIO_PinRemapConfig                      0x0800667f   Thumb Code   138  stm32f10x_gpio.o(.text)
    GPIO_EXTILineConfig                      0x08006709   Thumb Code    66  stm32f10x_gpio.o(.text)
    GPIO_ETH_MediaInterfaceConfig            0x0800674b   Thumb Code     8  stm32f10x_gpio.o(.text)
    RCC_DeInit                               0x08006779   Thumb Code    64  stm32f10x_rcc.o(.text)
    RCC_HSEConfig                            0x080067b9   Thumb Code    70  stm32f10x_rcc.o(.text)
    RCC_GetFlagStatus                        0x080067ff   Thumb Code    56  stm32f10x_rcc.o(.text)
    RCC_WaitForHSEStartUp                    0x08006837   Thumb Code    56  stm32f10x_rcc.o(.text)
    RCC_AdjustHSICalibrationValue            0x0800686f   Thumb Code    20  stm32f10x_rcc.o(.text)
    RCC_HSICmd                               0x08006883   Thumb Code     6  stm32f10x_rcc.o(.text)
    RCC_PLLConfig                            0x08006889   Thumb Code    24  stm32f10x_rcc.o(.text)
    RCC_PLLCmd                               0x080068a1   Thumb Code     6  stm32f10x_rcc.o(.text)
    RCC_SYSCLKConfig                         0x080068a7   Thumb Code    18  stm32f10x_rcc.o(.text)
    RCC_GetSYSCLKSource                      0x080068b9   Thumb Code    10  stm32f10x_rcc.o(.text)
    RCC_HCLKConfig                           0x080068c3   Thumb Code    18  stm32f10x_rcc.o(.text)
    RCC_PCLK1Config                          0x080068d5   Thumb Code    18  stm32f10x_rcc.o(.text)
    RCC_PCLK2Config                          0x080068e7   Thumb Code    20  stm32f10x_rcc.o(.text)
    RCC_ITConfig                             0x080068fb   Thumb Code    26  stm32f10x_rcc.o(.text)
    RCC_USBCLKConfig                         0x08006915   Thumb Code     8  stm32f10x_rcc.o(.text)
    RCC_ADCCLKConfig                         0x0800691d   Thumb Code    18  stm32f10x_rcc.o(.text)
    RCC_LSEConfig                            0x0800692f   Thumb Code    50  stm32f10x_rcc.o(.text)
    RCC_LSICmd                               0x08006961   Thumb Code     6  stm32f10x_rcc.o(.text)
    RCC_RTCCLKConfig                         0x08006967   Thumb Code    12  stm32f10x_rcc.o(.text)
    RCC_RTCCLKCmd                            0x08006973   Thumb Code     8  stm32f10x_rcc.o(.text)
    RCC_GetClocksFreq                        0x0800697b   Thumb Code   192  stm32f10x_rcc.o(.text)
    RCC_AHBPeriphClockCmd                    0x08006a3b   Thumb Code    26  stm32f10x_rcc.o(.text)
    RCC_APB2PeriphClockCmd                   0x08006a55   Thumb Code    26  stm32f10x_rcc.o(.text)
    RCC_APB1PeriphClockCmd                   0x08006a6f   Thumb Code    26  stm32f10x_rcc.o(.text)
    RCC_APB2PeriphResetCmd                   0x08006a89   Thumb Code    26  stm32f10x_rcc.o(.text)
    RCC_APB1PeriphResetCmd                   0x08006aa3   Thumb Code    26  stm32f10x_rcc.o(.text)
    RCC_BackupResetCmd                       0x08006abd   Thumb Code     8  stm32f10x_rcc.o(.text)
    RCC_ClockSecuritySystemCmd               0x08006ac5   Thumb Code     6  stm32f10x_rcc.o(.text)
    RCC_MCOConfig                            0x08006acb   Thumb Code     6  stm32f10x_rcc.o(.text)
    RCC_ClearFlag                            0x08006ad1   Thumb Code    14  stm32f10x_rcc.o(.text)
    RCC_GetITStatus                          0x08006adf   Thumb Code    20  stm32f10x_rcc.o(.text)
    RCC_ClearITPendingBit                    0x08006af3   Thumb Code     6  stm32f10x_rcc.o(.text)
    USART_DeInit                             0x08006b1d   Thumb Code   134  stm32f10x_usart.o(.text)
    USART_Init                               0x08006ba3   Thumb Code   210  stm32f10x_usart.o(.text)
    USART_StructInit                         0x08006c75   Thumb Code    24  stm32f10x_usart.o(.text)
    USART_ClockInit                          0x08006c8d   Thumb Code    34  stm32f10x_usart.o(.text)
    USART_ClockStructInit                    0x08006caf   Thumb Code    12  stm32f10x_usart.o(.text)
    USART_Cmd                                0x08006cbb   Thumb Code    24  stm32f10x_usart.o(.text)
    USART_ITConfig                           0x08006cd3   Thumb Code    74  stm32f10x_usart.o(.text)
    USART_DMACmd                             0x08006d1d   Thumb Code    18  stm32f10x_usart.o(.text)
    USART_SetAddress                         0x08006d2f   Thumb Code    18  stm32f10x_usart.o(.text)
    USART_WakeUpConfig                       0x08006d41   Thumb Code    18  stm32f10x_usart.o(.text)
    USART_ReceiverWakeUpCmd                  0x08006d53   Thumb Code    24  stm32f10x_usart.o(.text)
    USART_LINBreakDetectLengthConfig         0x08006d6b   Thumb Code    18  stm32f10x_usart.o(.text)
    USART_LINCmd                             0x08006d7d   Thumb Code    24  stm32f10x_usart.o(.text)
    USART_SendData                           0x08006d95   Thumb Code     8  stm32f10x_usart.o(.text)
    USART_ReceiveData                        0x08006d9d   Thumb Code    10  stm32f10x_usart.o(.text)
    USART_SendBreak                          0x08006da7   Thumb Code    10  stm32f10x_usart.o(.text)
    USART_SetGuardTime                       0x08006db1   Thumb Code    16  stm32f10x_usart.o(.text)
    USART_SetPrescaler                       0x08006dc1   Thumb Code    16  stm32f10x_usart.o(.text)
    USART_SmartCardCmd                       0x08006dd1   Thumb Code    24  stm32f10x_usart.o(.text)
    USART_SmartCardNACKCmd                   0x08006de9   Thumb Code    24  stm32f10x_usart.o(.text)
    USART_HalfDuplexCmd                      0x08006e01   Thumb Code    24  stm32f10x_usart.o(.text)
    USART_OverSampling8Cmd                   0x08006e19   Thumb Code    22  stm32f10x_usart.o(.text)
    USART_OneBitMethodCmd                    0x08006e2f   Thumb Code    24  stm32f10x_usart.o(.text)
    USART_IrDAConfig                         0x08006e47   Thumb Code    18  stm32f10x_usart.o(.text)
    USART_IrDACmd                            0x08006e59   Thumb Code    24  stm32f10x_usart.o(.text)
    USART_GetFlagStatus                      0x08006e71   Thumb Code    26  stm32f10x_usart.o(.text)
    USART_ClearFlag                          0x08006e8b   Thumb Code    18  stm32f10x_usart.o(.text)
    USART_GetITStatus                        0x08006e9d   Thumb Code    84  stm32f10x_usart.o(.text)
    USART_ClearITPendingBit                  0x08006ef1   Thumb Code    52  stm32f10x_usart.o(.text)
    __use_no_semihosting                     0x08006f25   Thumb Code     2  use_no_semi_2.o(.text)
    __2printf                                0x08006f29   Thumb Code    20  noretval__2printf.o(.text)
    _printf_str                              0x08006f41   Thumb Code    82  _printf_str.o(.text)
    _printf_int_hex                          0x08006f95   Thumb Code    84  _printf_hex_int.o(.text)
    _printf_longlong_hex                     0x08006f95   Thumb Code     0  _printf_hex_int.o(.text)
    __printf                                 0x08006fed   Thumb Code   270  __printf_wp.o(.text)
    strcmp                                   0x080070fd   Thumb Code   128  strcmpv7m.o(.text)
    __use_two_region_memory                  0x0800717d   Thumb Code     2  heapauxi.o(.text)
    __rt_heap_escrow$2region                 0x0800717f   Thumb Code     2  heapauxi.o(.text)
    __rt_heap_expand$2region                 0x08007181   Thumb Code     2  heapauxi.o(.text)
    __I$use$semihosting                      0x08007183   Thumb Code     0  use_no_semi.o(.text)
    __use_no_semihosting_swi                 0x08007183   Thumb Code     2  use_no_semi.o(.text)
    _printf_int_common                       0x08007185   Thumb Code   178  _printf_intcommon.o(.text)
    __lib_sel_fp_printf                      0x08007237   Thumb Code     2  _printf_fp_dec.o(.text)
    _printf_fp_dec_real                      0x080073e5   Thumb Code   620  _printf_fp_dec.o(.text)
    _printf_cs_common                        0x08007651   Thumb Code    20  _printf_char.o(.text)
    _printf_char                             0x08007665   Thumb Code    16  _printf_char.o(.text)
    _printf_string                           0x08007675   Thumb Code     8  _printf_char.o(.text)
    _printf_char_file                        0x0800767d   Thumb Code    32  _printf_char_file.o(.text)
    __rt_locale                              0x080076a1   Thumb Code     8  rt_locale_intlibspace.o(.text)
    _ll_udiv10                               0x080076a9   Thumb Code   138  lludiv10.o(.text)
    _printf_char_common                      0x0800773f   Thumb Code    32  _printf_char_common.o(.text)
    _printf_fp_infnan                        0x08007765   Thumb Code   112  _printf_fp_infnan.o(.text)
    _btod_etento                             0x080077e5   Thumb Code   216  bigflt0.o(.text)
    ferror                                   0x080078c1   Thumb Code     8  ferror.o(.text)
    __user_libspace                          0x080078c9   Thumb Code     8  libspace.o(.text)
    __user_perproc_libspace                  0x080078c9   Thumb Code     0  libspace.o(.text)
    __user_perthread_libspace                0x080078c9   Thumb Code     0  libspace.o(.text)
    __user_setup_stackheap                   0x080078d1   Thumb Code    74  sys_stackheap_outer.o(.text)
    exit                                     0x0800791b   Thumb Code    12  exit.o(.text)
    _btod_d2e                                0x08007927   Thumb Code    62  btod.o(CL$$btod_d2e)
    _d2e_denorm_low                          0x08007965   Thumb Code    70  btod.o(CL$$btod_d2e_denorm_low)
    _d2e_norm_op1                            0x080079ab   Thumb Code    96  btod.o(CL$$btod_d2e_norm_op1)
    __btod_div_common                        0x08007a0b   Thumb Code   696  btod.o(CL$$btod_div_common)
    _e2e                                     0x08007d43   Thumb Code   198  btod.o(CL$$btod_e2e)
    _btod_ediv                               0x08007e09   Thumb Code    40  btod.o(CL$$btod_ediv)
    _btod_emul                               0x08007e31   Thumb Code    40  btod.o(CL$$btod_emul)
    __btod_mult_common                       0x08007e59   Thumb Code   580  btod.o(CL$$btod_mult_common)
    __ARM_fpclassify                         0x0800809d   Thumb Code    40  fpclassify.o(i.__ARM_fpclassify)
    _is_digit                                0x080080c5   Thumb Code    14  __printf_wp.o(i._is_digit)
    _get_lc_numeric                          0x080080d5   Thumb Code    44  lc_numeric_c.o(locale$$code)
    __aeabi_d2uiz                            0x08008101   Thumb Code     0  dfixu.o(x$fpl$dfixu)
    _dfixu                                   0x08008101   Thumb Code    90  dfixu.o(x$fpl$dfixu)
    __aeabi_ui2d                             0x0800815b   Thumb Code     0  dflt_clz.o(x$fpl$dfltu)
    _dfltu                                   0x0800815b   Thumb Code    38  dflt_clz.o(x$fpl$dfltu)
    __aeabi_dmul                             0x08008181   Thumb Code     0  dmul.o(x$fpl$dmul)
    _dmul                                    0x08008181   Thumb Code   332  dmul.o(x$fpl$dmul)
    __fpl_dnaninf                            0x080082d5   Thumb Code   156  dnaninf.o(x$fpl$dnaninf)
    __fpl_dretinf                            0x08008371   Thumb Code    12  dretinf.o(x$fpl$dretinf)
    __aeabi_f2d                              0x0800837d   Thumb Code     0  f2d.o(x$fpl$f2d)
    _f2d                                     0x0800837d   Thumb Code    86  f2d.o(x$fpl$f2d)
    __aeabi_fadd                             0x080083d5   Thumb Code     0  faddsub_clz.o(x$fpl$fadd)
    _fadd                                    0x080083d5   Thumb Code   196  faddsub_clz.o(x$fpl$fadd)
    __fpl_fnaninf                            0x08008499   Thumb Code   140  fnaninf.o(x$fpl$fnaninf)
    __fpl_fretinf                            0x08008525   Thumb Code    10  fretinf.o(x$fpl$fretinf)
    __aeabi_fsub                             0x08008531   Thumb Code     0  faddsub_clz.o(x$fpl$fsub)
    _fsub                                    0x08008531   Thumb Code   234  faddsub_clz.o(x$fpl$fsub)
    _printf_fp_dec                           0x0800861b   Thumb Code     4  printf1.o(x$fpl$printf1)
    __I$use$fp                               0x0800861e   Number         0  usenofp.o(x$fpl$usenofp)
    asc2_1206                                0x0800861e   Data        1140  lcd.o(.constdata)
    asc2_1608                                0x08008a92   Data        1520  lcd.o(.constdata)
    asc2_2412                                0x08009082   Data        3420  lcd.o(.constdata)
    Region$$Table$$Base                      0x08009ed0   Number         0  anon$$obj.o(Region$$Table)
    Region$$Table$$Limit                     0x08009ef0   Number         0  anon$$obj.o(Region$$Table)
    Equipment_id                             0x20000000   Data           4  main.o(.data)
    Data_id                                  0x20000004   Data           4  main.o(.data)
    SystemCoreClock                          0x20000008   Data           4  system_stm32f10x.o(.data)
    AHBPrescTable                            0x2000000c   Data          16  system_stm32f10x.o(.data)
    POINT_COLOR                              0x2000001c   Data           2  lcd.o(.data)
    BACK_COLOR                               0x2000001e   Data           2  lcd.o(.data)
    WIFI_ID                                  0x20000020   Data           4  esp8266.o(.data)
    WIFI_Passward                            0x20000024   Data           4  esp8266.o(.data)
    DEVICEID                                 0x20000028   Data           4  esp8266.o(.data)
    APIKEY                                   0x2000002c   Data           4  esp8266.o(.data)
    Buff                                     0x20000030   Data           7  usart2.o(.data)
    Out_Buff                                 0x20000038   Data           2  usart2.o(.data)
    Res                                      0x2000003a   Data           1  usart2.o(.data)
    __stdout                                 0x20000044   Data           4  usart.o(.data)
    USART_RX_STA                             0x20000048   Data           2  usart.o(.data)
    lcddev                                   0x20000060   Data          14  lcd.o(.bss)
    ID_JM                                    0x2000006e   Data         280  esp8266.o(.bss)
    Send_buf                                 0x20000186   Data          20  usart2.o(.bss)
    Out_Printf                               0x2000019a   Data          20  usart2.o(.bss)
    USART_RX_BUF                             0x200001ae   Data         200  usart.o(.bss)
    __libspace_start                         0x20000278   Data          96  libspace.o(.bss)
    __temporary_stack_top$libspace           0x200002d8   Data           0  libspace.o(.bss)



==============================================================================

Memory Map of the image

  Image Entry point : 0x08000131

  Load Region LR_IROM1 (Base: 0x08000000, Size: 0x00009f6c, Max: 0x00080000, ABSOLUTE)

    Execution Region ER_IROM1 (Base: 0x08000000, Size: 0x00009f0c, Max: 0x00080000, ABSOLUTE)

    Base Addr    Size         Type   Attr      Idx    E Section Name        Object

    0x08000000   0x00000130   Data   RO          359    RESET               startup_stm32f10x_hd.o
    0x08000130   0x00000008   Code   RO          487  * !!!main             c_w.l(__main.o)
    0x08000138   0x00000034   Code   RO          730    !!!scatter          c_w.l(__scatter.o)
    0x0800016c   0x0000001a   Code   RO          732    !!handler_copy      c_w.l(__scatter_copy.o)
    0x08000186   0x00000002   PAD
    0x08000188   0x0000001c   Code   RO          734    !!handler_zi        c_w.l(__scatter_zi.o)
    0x080001a4   0x00000000   Code   RO          482    .ARM.Collect$$_printf_percent$$00000000  c_w.l(_printf_percent.o)
    0x080001a4   0x00000006   Code   RO          481    .ARM.Collect$$_printf_percent$$00000003  c_w.l(_printf_f.o)
    0x080001aa   0x00000006   Code   RO          480    .ARM.Collect$$_printf_percent$$0000000C  c_w.l(_printf_x.o)
    0x080001b0   0x00000006   Code   RO          479    .ARM.Collect$$_printf_percent$$00000014  c_w.l(_printf_s.o)
    0x080001b6   0x00000004   Code   RO          522    .ARM.Collect$$_printf_percent$$00000017  c_w.l(_printf_percent_end.o)
    0x080001ba   0x00000002   Code   RO          608    .ARM.Collect$$libinit$$00000000  c_w.l(libinit.o)
    0x080001bc   0x00000000   Code   RO          610    .ARM.Collect$$libinit$$00000002  c_w.l(libinit2.o)
    0x080001bc   0x00000000   Code   RO          612    .ARM.Collect$$libinit$$00000004  c_w.l(libinit2.o)
    0x080001bc   0x00000000   Code   RO          615    .ARM.Collect$$libinit$$0000000A  c_w.l(libinit2.o)
    0x080001bc   0x00000000   Code   RO          617    .ARM.Collect$$libinit$$0000000C  c_w.l(libinit2.o)
    0x080001bc   0x00000000   Code   RO          619    .ARM.Collect$$libinit$$0000000E  c_w.l(libinit2.o)
    0x080001bc   0x00000006   Code   RO          620    .ARM.Collect$$libinit$$0000000F  c_w.l(libinit2.o)
    0x080001c2   0x00000000   Code   RO          622    .ARM.Collect$$libinit$$00000011  c_w.l(libinit2.o)
    0x080001c2   0x00000000   Code   RO          624    .ARM.Collect$$libinit$$00000013  c_w.l(libinit2.o)
    0x080001c2   0x00000000   Code   RO          626    .ARM.Collect$$libinit$$00000015  c_w.l(libinit2.o)
    0x080001c2   0x0000000a   Code   RO          627    .ARM.Collect$$libinit$$00000016  c_w.l(libinit2.o)
    0x080001cc   0x00000000   Code   RO          628    .ARM.Collect$$libinit$$00000017  c_w.l(libinit2.o)
    0x080001cc   0x00000000   Code   RO          630    .ARM.Collect$$libinit$$00000019  c_w.l(libinit2.o)
    0x080001cc   0x00000000   Code   RO          632    .ARM.Collect$$libinit$$0000001B  c_w.l(libinit2.o)
    0x080001cc   0x00000000   Code   RO          634    .ARM.Collect$$libinit$$0000001D  c_w.l(libinit2.o)
    0x080001cc   0x00000000   Code   RO          636    .ARM.Collect$$libinit$$0000001F  c_w.l(libinit2.o)
    0x080001cc   0x00000000   Code   RO          638    .ARM.Collect$$libinit$$00000021  c_w.l(libinit2.o)
    0x080001cc   0x00000000   Code   RO          640    .ARM.Collect$$libinit$$00000023  c_w.l(libinit2.o)
    0x080001cc   0x00000000   Code   RO          642    .ARM.Collect$$libinit$$00000025  c_w.l(libinit2.o)
    0x080001cc   0x00000000   Code   RO          646    .ARM.Collect$$libinit$$0000002C  c_w.l(libinit2.o)
    0x080001cc   0x00000000   Code   RO          648    .ARM.Collect$$libinit$$0000002E  c_w.l(libinit2.o)
    0x080001cc   0x00000000   Code   RO          650    .ARM.Collect$$libinit$$00000030  c_w.l(libinit2.o)
    0x080001cc   0x00000000   Code   RO          652    .ARM.Collect$$libinit$$00000032  c_w.l(libinit2.o)
    0x080001cc   0x00000002   Code   RO          653    .ARM.Collect$$libinit$$00000033  c_w.l(libinit2.o)
    0x080001ce   0x00000002   Code   RO          681    .ARM.Collect$$libshutdown$$00000000  c_w.l(libshutdown.o)
    0x080001d0   0x00000000   Code   RO          691    .ARM.Collect$$libshutdown$$00000003  c_w.l(libshutdown2.o)
    0x080001d0   0x00000000   Code   RO          694    .ARM.Collect$$libshutdown$$00000006  c_w.l(libshutdown2.o)
    0x080001d0   0x00000000   Code   RO          697    .ARM.Collect$$libshutdown$$00000009  c_w.l(libshutdown2.o)
    0x080001d0   0x00000000   Code   RO          699    .ARM.Collect$$libshutdown$$0000000B  c_w.l(libshutdown2.o)
    0x080001d0   0x00000000   Code   RO          702    .ARM.Collect$$libshutdown$$0000000E  c_w.l(libshutdown2.o)
    0x080001d0   0x00000002   Code   RO          703    .ARM.Collect$$libshutdown$$0000000F  c_w.l(libshutdown2.o)
    0x080001d2   0x00000000   Code   RO          513    .ARM.Collect$$rtentry$$00000000  c_w.l(__rtentry.o)
    0x080001d2   0x00000000   Code   RO          533    .ARM.Collect$$rtentry$$00000002  c_w.l(__rtentry2.o)
    0x080001d2   0x00000006   Code   RO          545    .ARM.Collect$$rtentry$$00000004  c_w.l(__rtentry4.o)
    0x080001d8   0x00000000   Code   RO          535    .ARM.Collect$$rtentry$$00000009  c_w.l(__rtentry2.o)
    0x080001d8   0x00000004   Code   RO          536    .ARM.Collect$$rtentry$$0000000A  c_w.l(__rtentry2.o)
    0x080001dc   0x00000000   Code   RO          538    .ARM.Collect$$rtentry$$0000000C  c_w.l(__rtentry2.o)
    0x080001dc   0x00000008   Code   RO          539    .ARM.Collect$$rtentry$$0000000D  c_w.l(__rtentry2.o)
    0x080001e4   0x00000002   Code   RO          654    .ARM.Collect$$rtexit$$00000000  c_w.l(rtexit.o)
    0x080001e6   0x00000000   Code   RO          661    .ARM.Collect$$rtexit$$00000002  c_w.l(rtexit2.o)
    0x080001e6   0x00000004   Code   RO          662    .ARM.Collect$$rtexit$$00000003  c_w.l(rtexit2.o)
    0x080001ea   0x00000006   Code   RO          663    .ARM.Collect$$rtexit$$00000004  c_w.l(rtexit2.o)
    0x080001f0   0x000005f0   Code   RO            1    .text               main.o
    0x080007e0   0x0000001a   Code   RO          143    .text               stm32f10x_it.o
    0x080007fa   0x00000002   PAD
    0x080007fc   0x000001e0   Code   RO          184    .text               system_stm32f10x.o
    0x080009dc   0x00004a94   Code   RO          227    .text               lcd.o
    0x08005470   0x0000040c   Code   RO          250    .text               esp8266.o
    0x0800587c   0x0000023c   Code   RO          274    .text               usart2.o
    0x08005ab8   0x000000d4   Code   RO          293    .text               delay.o
    0x08005b8c   0x00000168   Code   RO          324    .text               usart.o
    0x08005cf4   0x00000040   Code   RO          360    .text               startup_stm32f10x_hd.o
    0x08005d34   0x000000dc   Code   RO          364    .text               misc.o
    0x08005e10   0x0000060c   Code   RO          376    .text               stm32f10x_fsmc.o
    0x0800641c   0x0000035c   Code   RO          388    .text               stm32f10x_gpio.o
    0x08006778   0x000003a4   Code   RO          400    .text               stm32f10x_rcc.o
    0x08006b1c   0x00000408   Code   RO          414    .text               stm32f10x_usart.o
    0x08006f24   0x00000002   Code   RO          428    .text               c_w.l(use_no_semi_2.o)
    0x08006f26   0x00000002   PAD
    0x08006f28   0x00000018   Code   RO          432    .text               c_w.l(noretval__2printf.o)
    0x08006f40   0x00000052   Code   RO          436    .text               c_w.l(_printf_str.o)
    0x08006f92   0x00000002   PAD
    0x08006f94   0x00000058   Code   RO          441    .text               c_w.l(_printf_hex_int.o)
    0x08006fec   0x0000010e   Code   RO          467    .text               c_w.l(__printf_wp.o)
    0x080070fa   0x00000002   PAD
    0x080070fc   0x00000080   Code   RO          483    .text               c_w.l(strcmpv7m.o)
    0x0800717c   0x00000006   Code   RO          485    .text               c_w.l(heapauxi.o)
    0x08007182   0x00000002   Code   RO          511    .text               c_w.l(use_no_semi.o)
    0x08007184   0x000000b2   Code   RO          514    .text               c_w.l(_printf_intcommon.o)
    0x08007236   0x0000041a   Code   RO          516    .text               c_w.l(_printf_fp_dec.o)
    0x08007650   0x0000002c   Code   RO          518    .text               c_w.l(_printf_char.o)
    0x0800767c   0x00000024   Code   RO          520    .text               c_w.l(_printf_char_file.o)
    0x080076a0   0x00000008   Code   RO          550    .text               c_w.l(rt_locale_intlibspace.o)
    0x080076a8   0x0000008a   Code   RO          552    .text               c_w.l(lludiv10.o)
    0x08007732   0x00000002   PAD
    0x08007734   0x00000030   Code   RO          554    .text               c_w.l(_printf_char_common.o)
    0x08007764   0x00000080   Code   RO          556    .text               c_w.l(_printf_fp_infnan.o)
    0x080077e4   0x000000dc   Code   RO          558    .text               c_w.l(bigflt0.o)
    0x080078c0   0x00000008   Code   RO          583    .text               c_w.l(ferror.o)
    0x080078c8   0x00000008   Code   RO          594    .text               c_w.l(libspace.o)
    0x080078d0   0x0000004a   Code   RO          597    .text               c_w.l(sys_stackheap_outer.o)
    0x0800791a   0x0000000c   Code   RO          601    .text               c_w.l(exit.o)
    0x08007926   0x0000003e   Code   RO          561    CL$$btod_d2e        c_w.l(btod.o)
    0x08007964   0x00000046   Code   RO          563    CL$$btod_d2e_denorm_low  c_w.l(btod.o)
    0x080079aa   0x00000060   Code   RO          562    CL$$btod_d2e_norm_op1  c_w.l(btod.o)
    0x08007a0a   0x00000338   Code   RO          571    CL$$btod_div_common  c_w.l(btod.o)
    0x08007d42   0x000000c6   Code   RO          568    CL$$btod_e2e        c_w.l(btod.o)
    0x08007e08   0x00000028   Code   RO          565    CL$$btod_ediv       c_w.l(btod.o)
    0x08007e30   0x00000028   Code   RO          564    CL$$btod_emul       c_w.l(btod.o)
    0x08007e58   0x00000244   Code   RO          570    CL$$btod_mult_common  c_w.l(btod.o)
    0x0800809c   0x00000028   Code   RO          592    i.__ARM_fpclassify  m_ws.l(fpclassify.o)
    0x080080c4   0x0000000e   Code   RO          469    i._is_digit         c_w.l(__printf_wp.o)
    0x080080d2   0x00000002   PAD
    0x080080d4   0x0000002c   Code   RO          588    locale$$code        c_w.l(lc_numeric_c.o)
    0x08008100   0x0000005a   Code   RO          489    x$fpl$dfixu         fz_ws.l(dfixu.o)
    0x0800815a   0x00000026   Code   RO          493    x$fpl$dfltu         fz_ws.l(dflt_clz.o)
    0x08008180   0x00000154   Code   RO          499    x$fpl$dmul          fz_ws.l(dmul.o)
    0x080082d4   0x0000009c   Code   RO          523    x$fpl$dnaninf       fz_ws.l(dnaninf.o)
    0x08008370   0x0000000c   Code   RO          525    x$fpl$dretinf       fz_ws.l(dretinf.o)
    0x0800837c   0x00000056   Code   RO          501    x$fpl$f2d           fz_ws.l(f2d.o)
    0x080083d2   0x00000002   PAD
    0x080083d4   0x000000c4   Code   RO          503    x$fpl$fadd          fz_ws.l(faddsub_clz.o)
    0x08008498   0x0000008c   Code   RO          527    x$fpl$fnaninf       fz_ws.l(fnaninf.o)
    0x08008524   0x0000000a   Code   RO          529    x$fpl$fretinf       fz_ws.l(fretinf.o)
    0x0800852e   0x00000002   PAD
    0x08008530   0x000000ea   Code   RO          505    x$fpl$fsub          fz_ws.l(faddsub_clz.o)
    0x0800861a   0x00000004   Code   RO          509    x$fpl$printf1       fz_ws.l(printf1.o)
    0x0800861e   0x00000000   Code   RO          531    x$fpl$usenofp       fz_ws.l(usenofp.o)
    0x0800861e   0x000017c0   Data   RO          229    .constdata          lcd.o
    0x08009dde   0x00000028   Data   RO          442    .constdata          c_w.l(_printf_hex_int.o)
    0x08009e06   0x00000002   PAD
    0x08009e08   0x00000094   Data   RO          559    .constdata          c_w.l(bigflt0.o)
    0x08009e9c   0x0000000d   Data   RO            2    .conststring        main.o
    0x08009ea9   0x00000003   PAD
    0x08009eac   0x00000021   Data   RO          252    .conststring        esp8266.o
    0x08009ecd   0x00000003   PAD
    0x08009ed0   0x00000020   Data   RO          728    Region$$Table       anon$$obj.o
    0x08009ef0   0x0000001c   Data   RO          587    locale$$data        c_w.l(lc_numeric_c.o)


    Execution Region RW_IRAM1 (Base: 0x20000000, Size: 0x000008d8, Max: 0x00010000, ABSOLUTE)

    Base Addr    Size         Type   Attr      Idx    E Section Name        Object

    0x20000000   0x00000008   Data   RW            3    .data               main.o
    0x20000008   0x00000014   Data   RW          185    .data               system_stm32f10x.o
    0x2000001c   0x00000004   Data   RW          230    .data               lcd.o
    0x20000020   0x00000010   Data   RW          253    .data               esp8266.o
    0x20000030   0x0000000d   Data   RW          276    .data               usart2.o
    0x2000003d   0x00000001   PAD
    0x2000003e   0x00000004   Data   RW          294    .data               delay.o
    0x20000042   0x00000002   PAD
    0x20000044   0x00000007   Data   RW          326    .data               usart.o
    0x2000004b   0x00000014   Data   RW          401    .data               stm32f10x_rcc.o
    0x2000005f   0x00000001   PAD
    0x20000060   0x0000000e   Zero   RW          228    .bss                lcd.o
    0x2000006e   0x00000118   Zero   RW          251    .bss                esp8266.o
    0x20000186   0x00000028   Zero   RW          275    .bss                usart2.o
    0x200001ae   0x000000c8   Zero   RW          325    .bss                usart.o
    0x20000276   0x00000002   PAD
    0x20000278   0x00000060   Zero   RW          595    .bss                c_w.l(libspace.o)
    0x200002d8   0x00000200   Zero   RW          358    HEAP                startup_stm32f10x_hd.o
    0x200004d8   0x00000400   Zero   RW          357    STACK               startup_stm32f10x_hd.o


==============================================================================

Image component sizes


      Code (inc. data)   RO Data    RW Data    ZI Data      Debug   Object Name

       212         18          0          4          0       1099   delay.o
      1036        392         33         16        280       3059   esp8266.o
     19092        144       6080          4         14      21806   lcd.o
      1520        248         13          8          0     241886   main.o
       220         22          0          0          0       1877   misc.o
        64         26        304          0       1536        816   startup_stm32f10x_hd.o
      1548         18          0          0          0       5423   stm32f10x_fsmc.o
       860         38          0          0          0       5721   stm32f10x_gpio.o
        26          0          0          0          0       1218   stm32f10x_it.o
       932         36          0         20          0       8932   stm32f10x_rcc.o
      1032         22          0          0          0       8448   stm32f10x_usart.o
         0          0          0          0          0         32   sys.o
       480         38          0         20          0       1851   system_stm32f10x.o
       360         20          0          7        200       3290   usart.o
       572         32          0         13         40       2910   usart2.o

    ----------------------------------------------------------------------
     27956       1054       6468         96       2072     308368   Object Totals
         0          0         32          0          0          0   (incl. Generated)
         2          0          6          4          2          0   (incl. Padding)

    ----------------------------------------------------------------------

      Code (inc. data)   RO Data    RW Data    ZI Data      Debug   Library Member Name

         8          0          0          0          0         68   __main.o
       284          0          0          0          0        156   __printf_wp.o
         0          0          0          0          0          0   __rtentry.o
        12          0          0          0          0          0   __rtentry2.o
         6          0          0          0          0          0   __rtentry4.o
        52          8          0          0          0          0   __scatter.o
        26          0          0          0          0          0   __scatter_copy.o
        28          0          0          0          0          0   __scatter_zi.o
        44          0          0          0          0        108   _printf_char.o
        48          6          0          0          0         96   _printf_char_common.o
        36          4          0          0          0         80   _printf_char_file.o
         6          0          0          0          0          0   _printf_f.o
      1050          0          0          0          0        216   _printf_fp_dec.o
       128         16          0          0          0         84   _printf_fp_infnan.o
        88          4         40          0          0         88   _printf_hex_int.o
       178          0          0          0          0         88   _printf_intcommon.o
         0          0          0          0          0          0   _printf_percent.o
         4          0          0          0          0          0   _printf_percent_end.o
         6          0          0          0          0          0   _printf_s.o
        82          0          0          0          0         80   _printf_str.o
         6          0          0          0          0          0   _printf_x.o
       220          4        148          0          0         96   bigflt0.o
      1910        128          0          0          0        672   btod.o
        12          0          0          0          0         72   exit.o
         8          0          0          0          0         68   ferror.o
         6          0          0          0          0        152   heapauxi.o
        44         10         28          0          0         76   lc_numeric_c.o
         2          0          0          0          0          0   libinit.o
        18          0          0          0          0          0   libinit2.o
         2          0          0          0          0          0   libshutdown.o
         2          0          0          0          0          0   libshutdown2.o
         8          4          0          0         96         68   libspace.o
       138          0          0          0          0         80   lludiv10.o
        24          4          0          0          0         84   noretval__2printf.o
         8          4          0          0          0         68   rt_locale_intlibspace.o
         2          0          0          0          0          0   rtexit.o
        10          0          0          0          0          0   rtexit2.o
       128          0          0          0          0         68   strcmpv7m.o
        74          0          0          0          0         80   sys_stackheap_outer.o
         2          0          0          0          0         68   use_no_semi.o
         2          0          0          0          0         68   use_no_semi_2.o
        90          4          0          0          0         92   dfixu.o
        38          0          0          0          0         68   dflt_clz.o
       340         12          0          0          0        104   dmul.o
       156          4          0          0          0         92   dnaninf.o
        12          0          0          0          0         68   dretinf.o
        86          4          0          0          0         84   f2d.o
       430          8          0          0          0        168   faddsub_clz.o
       140          4          0          0          0         84   fnaninf.o
        10          0          0          0          0         68   fretinf.o
         4          0          0          0          0         68   printf1.o
         0          0          0          0          0          0   usenofp.o
        40          0          0          0          0         68   fpclassify.o

    ----------------------------------------------------------------------
      6074        228        218          0         96       3748   Library Totals
        16          0          2          0          0          0   (incl. Padding)

    ----------------------------------------------------------------------

      Code (inc. data)   RO Data    RW Data    ZI Data      Debug   Library Name

      4712        192        216          0         96       2784   c_w.l
      1306         36          0          0          0        896   fz_ws.l
        40          0          0          0          0         68   m_ws.l

    ----------------------------------------------------------------------
      6074        228        218          0         96       3748   Library Totals

    ----------------------------------------------------------------------

==============================================================================


      Code (inc. data)   RO Data    RW Data    ZI Data      Debug   

     34030       1282       6686         96       2168     308888   Grand Totals
     34030       1282       6686         96       2168     308888   ELF Image Totals
     34030       1282       6686         96          0          0   ROM Totals

==============================================================================

    Total RO  Size (Code + RO Data)                40716 (  39.76kB)
    Total RW  Size (RW Data + ZI Data)              2264 (   2.21kB)
    Total ROM Size (Code + RO Data + RW Data)      40812 (  39.86kB)

==============================================================================

